[0.591s] Invoking command in '/home/athmani-roumaissa/ros2_coach_ws/build/coach_bringup': CMAKE_PREFIX_PATH=${CMAKE_PREFIX_PATH}:/home/athmani-roumaissa/ros2_coach_ws/install/coach_vision:/home/athmani-roumaissa/ros2_coach_ws/install/coach_feedback:/home/athmani-roumaissa/ros2_coach_ws/install/coach_analyzer:/opt/ros/jazzy DEBUGINFOD_URLS=https://debuginfod.ubuntu.com PS1=(gym_env) \[\e]0;\u@\h: \w\a\]${debian_chroot:+($debian_chroot)}\[\033[01;32m\]\u@\h\[\033[00m\]:\[\033[01;34m\]\w\[\033[00m\]\$ VIRTUAL_ENV_PROMPT=(gym_env) /usr/bin/cmake /home/athmani-roumaissa/ros2_coach_ws/src/coach_bringup -DAMENT_CMAKE_SYMLINK_INSTALL=1 -DCMAKE_INSTALL_PREFIX=/home/athmani-roumaissa/ros2_coach_ws/install/coach_bringup
[1.225s] -- The C compiler identification is GNU 13.3.0
[1.308s] -- The CXX compiler identification is GNU 13.3.0
[1.426s] -- Detecting C compiler ABI info
[1.864s] -- Detecting C compiler ABI info - done
[1.910s] -- Check for working C compiler: /usr/bin/cc - skipped
[1.912s] -- Detecting C compile features
[1.914s] -- Detecting C compile features - done
[1.953s] -- Detecting CXX compiler ABI info
[2.373s] -- Detecting CXX compiler ABI info - done
[2.450s] -- Check for working CXX compiler: /usr/bin/c++ - skipped
[2.451s] -- Detecting CXX compile features
[2.454s] -- Detecting CXX compile features - done
[2.482s] -- Found ament_cmake: 2.5.6 (/opt/ros/jazzy/share/ament_cmake/cmake)
[2.942s] -- Found Python3: /home/athmani-roumaissa/ros2_coach_ws/gym_env/bin/python3 (found version "3.12.3") found components: Interpreter 
[3.360s] -- Override CMake install command with custom implementation using symlinks instead of copying resources
[3.736s] Traceback (most recent call last):
[3.736s]   File "/opt/ros/jazzy/share/ament_cmake_core/cmake/core/package_xml_2_cmake.py", line 22, in <module>
[3.736s]     from catkin_pkg.package import parse_package_string
[3.737s] ModuleNotFoundError: No module named 'catkin_pkg'
[3.747s] CMake Error at /opt/ros/jazzy/share/ament_cmake_core/cmake/core/ament_package_xml.cmake:95 (message):
[3.748s]   execute_process(/home/athmani-roumaissa/ros2_coach_ws/gym_env/bin/python3
[3.748s]   /opt/ros/jazzy/share/ament_cmake_core/cmake/core/package_xml_2_cmake.py
[3.751s]   /home/athmani-roumaissa/ros2_coach_ws/src/coach_bringup/package.xml
[3.751s]   /home/athmani-roumaissa/ros2_coach_ws/build/coach_bringup/ament_cmake_core/package.cmake)
[3.752s]   returned error code 1
[3.755s] Call Stack (most recent call first):
[3.755s]   /opt/ros/jazzy/share/ament_cmake_core/cmake/core/ament_package_xml.cmake:49 (_ament_package_xml)
[3.757s]   /opt/ros/jazzy/share/ament_cmake_core/cmake/core/ament_package.cmake:63 (ament_package_xml)
[3.757s]   CMakeLists.txt:10 (ament_package)
[3.757s] 
[3.758s] 
[3.758s] -- Configuring incomplete, errors occurred!
[3.771s] Invoked command in '/home/athmani-roumaissa/ros2_coach_ws/build/coach_bringup' returned '1': CMAKE_PREFIX_PATH=${CMAKE_PREFIX_PATH}:/home/athmani-roumaissa/ros2_coach_ws/install/coach_vision:/home/athmani-roumaissa/ros2_coach_ws/install/coach_feedback:/home/athmani-roumaissa/ros2_coach_ws/install/coach_analyzer:/opt/ros/jazzy DEBUGINFOD_URLS=https://debuginfod.ubuntu.com PS1=(gym_env) \[\e]0;\u@\h: \w\a\]${debian_chroot:+($debian_chroot)}\[\033[01;32m\]\u@\h\[\033[00m\]:\[\033[01;34m\]\w\[\033[00m\]\$ VIRTUAL_ENV_PROMPT=(gym_env) /usr/bin/cmake /home/athmani-roumaissa/ros2_coach_ws/src/coach_bringup -DAMENT_CMAKE_SYMLINK_INSTALL=1 -DCMAKE_INSTALL_PREFIX=/home/athmani-roumaissa/ros2_coach_ws/install/coach_bringup
