-- Found ament_cmake: 2.5.6 (/opt/ros/jazzy/share/ament_cmake/cmake)
-- Found rosidl_default_generators: 1.6.0 (/opt/ros/jazzy/share/rosidl_default_generators/cmake)
-- Using all available rosidl_typesupport_c: rosidl_typesupport_fastrtps_c;rosidl_typesupport_introspection_c
-- Using all available rosidl_typesupport_cpp: rosidl_typesupport_fastrtps_cpp;rosidl_typesupport_introspection_cpp
-- Found rosidl_adapter: 4.6.7 (/opt/ros/jazzy/share/rosidl_adapter/cmake)
-- Found std_msgs: 5.3.7 (/opt/ros/jazzy/share/std_msgs/cmake)
-- Found ament_cmake_ros: 0.12.0 (/opt/ros/jazzy/share/ament_cmake_ros/cmake)
-- Using all available rosidl_typesupport_c: rosidl_typesupport_fastrtps_c;rosidl_typesupport_introspection_c
-- Using all available rosidl_typesupport_cpp: rosidl_typesupport_fastrtps_cpp;rosidl_typesupport_introspection_cpp
-- Found python_cmake_module: 0.11.1 (/opt/ros/jazzy/share/python_cmake_module/cmake)
-- Found Python3: /home/athmani-roumaissa/ros2_coach_ws/gym_env/bin/python3 (found version "3.12.3") found components: Interpreter Development NumPy Development.Module Development.Embed 
-- Found Python3: /home/athmani-roumaissa/ros2_coach_ws/gym_env/bin/python3 (found version "3.12.3") found components: Interpreter 
-- Configuring done (6.1s)
-- Generating done (0.1s)
-- Build files have been written to: /home/athmani-roumaissa/ros2_coach_ws/build/coach_interfaces
[  2%] [34m[1mGenerating Rust code for ROS interfaces[0m
[  4%] [34m[1mGenerating type hashes for ROS interfaces[0m
[  4%] Built target ament_cmake_python_copy_coach_interfaces
TransientParseError when expanding 'rmw.rs.em' into '/home/athmani-roumaissa/ros2_coach_ws/build/coach_interfaces/rosidl_generator_rs/coach_interfaces/rust/src/msg/rmw.rs': not enough data to read
Traceback (most recent call last):
  File "/opt/ros/jazzy/share/rosidl_generator_rs/cmake/../../../lib/rosidl_generator_rs/rosidl_generator_rs", line 43, in <module>
    sys.exit(main())
             ^^^^^^
  File "/opt/ros/jazzy/share/rosidl_generator_rs/cmake/../../../lib/rosidl_generator_rs/rosidl_generator_rs", line 36, in main
    return generate_rs(
           ^^^^^^^^^^^^
  File "/opt/ros/jazzy/lib/python3.12/site-packages/rosidl_generator_rs/__init__.py", line 165, in generate_rs
    rosidl_pycommon.expand_template(
  File "/opt/ros/jazzy/lib/python3.12/site-packages/rosidl_pycommon/__init__.py", line 191, in expand_template
    interpreter.string(template_content, locals=data)
  File "/home/athmani-roumaissa/ros2_coach_ws/gym_env/lib/python3.12/site-packages/em.py", line 5487, in string
    while not self.safe(scanner, True, locals, dispatcher):
              ^^^^^^^^^^^^^^^^^^^^^^^^^^^^^^^^^^^^^^^^^^^^
  File "/home/athmani-roumaissa/ros2_coach_ws/gym_env/lib/python3.12/site-packages/em.py", line 5500, in safe
    return self.parse(scanner, locals)
           ^^^^^^^^^^^^^^^^^^^^^^^^^^^
  File "/home/athmani-roumaissa/ros2_coach_ws/gym_env/lib/python3.12/site-packages/em.py", line 5554, in parse
    token = scanner.one()
            ^^^^^^^^^^^^^
  File "/home/athmani-roumaissa/ros2_coach_ws/gym_env/lib/python3.12/site-packages/em.py", line 4481, in one
    first = self.chop(1)
            ^^^^^^^^^^^^
  File "/home/athmani-roumaissa/ros2_coach_ws/gym_env/lib/python3.12/site-packages/em.py", line 4210, in chop
    raise TransientParseError("not enough data to read")
em.TransientParseError: not enough data to read
[  4%] Built target coach_interfaces__rosidl_generator_type_description
running egg_info
gmake[2]: *** [/home/athmani-roumaissa/ros2_coach_ws/build/coach_interfaces/coach_interfaces__rs/CMakeFiles/coach_interfaces__rs.dir/build.make:124: rosidl_generator_rs/coach_interfaces/rust/src/lib.rs] Error 1
gmake[1]: *** [CMakeFiles/Makefile2:666: coach_interfaces__rs/CMakeFiles/coach_interfaces__rs.dir/all] Error 2
gmake[1]: *** Waiting for unfinished jobs....
[  6%] [34m[1mGenerating C code for ROS interfaces[0m
creating coach_interfaces.egg-info
writing coach_interfaces.egg-info/PKG-INFO
writing dependency_links to coach_interfaces.egg-info/dependency_links.txt
writing top-level names to coach_interfaces.egg-info/top_level.txt
writing manifest file 'coach_interfaces.egg-info/SOURCES.txt'
[  8%] [34m[1mGenerating C++ code for ROS interfaces[0m
reading manifest file 'coach_interfaces.egg-info/SOURCES.txt'
writing manifest file 'coach_interfaces.egg-info/SOURCES.txt'
[  8%] Built target ament_cmake_python_build_coach_interfaces_egg
[  8%] Built target coach_interfaces__cpp
[ 11%] [32mBuilding C object CMakeFiles/coach_interfaces__rosidl_generator_c.dir/rosidl_generator_c/coach_interfaces/msg/detail/exercise_conditions__functions.c.o[0m
[ 13%] [32mBuilding C object CMakeFiles/coach_interfaces__rosidl_generator_c.dir/rosidl_generator_c/coach_interfaces/msg/detail/exercise_conditions__description.c.o[0m
[ 15%] [32mBuilding C object CMakeFiles/coach_interfaces__rosidl_generator_c.dir/rosidl_generator_c/coach_interfaces/msg/detail/exercise_conditions__type_support.c.o[0m
[ 17%] [32mBuilding C object CMakeFiles/coach_interfaces__rosidl_generator_c.dir/rosidl_generator_c/coach_interfaces/msg/detail/rep_result__description.c.o[0m
[ 20%] [32mBuilding C object CMakeFiles/coach_interfaces__rosidl_generator_c.dir/rosidl_generator_c/coach_interfaces/msg/detail/rep_result__functions.c.o[0m
[ 22%] [32mBuilding C object CMakeFiles/coach_interfaces__rosidl_generator_c.dir/rosidl_generator_c/coach_interfaces/msg/detail/rep_result__type_support.c.o[0m
[ 24%] [32m[1mLinking C shared library libcoach_interfaces__rosidl_generator_c.so[0m
[ 24%] Built target coach_interfaces__rosidl_generator_c
gmake: *** [Makefile:146: all] Error 2
