[1.599s] Invoking command in '/home/athmani-roumaissa/ros2_coach_ws/build/coach_bringup': CMAKE_PREFIX_PATH=/home/athmani-roumaissa/ros2_coach_ws/install/coach_vision:/home/athmani-roumaissa/ros2_coach_ws/install/coach_feedback:/home/athmani-roumaissa/ros2_coach_ws/install/coach_analyzer:/opt/ros/jazzy:${CMAKE_PREFIX_PATH} DEBUGINFOD_URLS=https://debuginfod.ubuntu.com PS1=\[\e]0;\u@\h: \w\a\]${debian_chroot:+($debian_chroot)}\[\033[01;32m\]\u@\h\[\033[00m\]:\[\033[01;34m\]\w\[\033[00m\]\$ /usr/bin/cmake --build /home/athmani-roumaissa/ros2_coach_ws/build/coach_bringup -- -j4 -l4
[2.882s] Invoked command in '/home/athmani-roumaissa/ros2_coach_ws/build/coach_bringup' returned '0': CMAKE_PREFIX_PATH=/home/athmani-roumaissa/ros2_coach_ws/install/coach_vision:/home/athmani-roumaissa/ros2_coach_ws/install/coach_feedback:/home/athmani-roumaissa/ros2_coach_ws/install/coach_analyzer:/opt/ros/jazzy:${CMAKE_PREFIX_PATH} DEBUGINFOD_URLS=https://debuginfod.ubuntu.com PS1=\[\e]0;\u@\h: \w\a\]${debian_chroot:+($debian_chroot)}\[\033[01;32m\]\u@\h\[\033[00m\]:\[\033[01;34m\]\w\[\033[00m\]\$ /usr/bin/cmake --build /home/athmani-roumaissa/ros2_coach_ws/build/coach_bringup -- -j4 -l4
[2.946s] Invoking command in '/home/athmani-roumaissa/ros2_coach_ws/build/coach_bringup': CMAKE_PREFIX_PATH=/home/athmani-roumaissa/ros2_coach_ws/install/coach_vision:/home/athmani-roumaissa/ros2_coach_ws/install/coach_feedback:/home/athmani-roumaissa/ros2_coach_ws/install/coach_analyzer:/opt/ros/jazzy:${CMAKE_PREFIX_PATH} DEBUGINFOD_URLS=https://debuginfod.ubuntu.com PS1=\[\e]0;\u@\h: \w\a\]${debian_chroot:+($debian_chroot)}\[\033[01;32m\]\u@\h\[\033[00m\]:\[\033[01;34m\]\w\[\033[00m\]\$ /usr/bin/cmake --install /home/athmani-roumaissa/ros2_coach_ws/build/coach_bringup
[3.018s] -- Install configuration: ""
[3.027s] -- Execute custom install script
[3.044s] -- Up-to-date symlink: /home/athmani-roumaissa/ros2_coach_ws/install/coach_bringup/share/coach_bringup//launch/bicep_curl.launch.py
[3.045s] -- Up-to-date symlink: /home/athmani-roumaissa/ros2_coach_ws/install/coach_bringup/share/ament_index/resource_index/package_run_dependencies/coach_bringup
[3.050s] -- Up-to-date symlink: /home/athmani-roumaissa/ros2_coach_ws/install/coach_bringup/share/ament_index/resource_index/parent_prefix_path/coach_bringup
[3.053s] -- Up-to-date symlink: /home/athmani-roumaissa/ros2_coach_ws/install/coach_bringup/share/coach_bringup/environment/ament_prefix_path.sh
[3.054s] -- Up-to-date symlink: /home/athmani-roumaissa/ros2_coach_ws/install/coach_bringup/share/coach_bringup/environment/ament_prefix_path.dsv
[3.060s] -- Up-to-date symlink: /home/athmani-roumaissa/ros2_coach_ws/install/coach_bringup/share/coach_bringup/environment/path.sh
[3.070s] -- Up-to-date symlink: /home/athmani-roumaissa/ros2_coach_ws/install/coach_bringup/share/coach_bringup/environment/path.dsv
[3.072s] -- Up-to-date symlink: /home/athmani-roumaissa/ros2_coach_ws/install/coach_bringup/share/coach_bringup/local_setup.bash
[3.079s] -- Up-to-date symlink: /home/athmani-roumaissa/ros2_coach_ws/install/coach_bringup/share/coach_bringup/local_setup.sh
[3.083s] -- Up-to-date symlink: /home/athmani-roumaissa/ros2_coach_ws/install/coach_bringup/share/coach_bringup/local_setup.zsh
[3.096s] -- Up-to-date symlink: /home/athmani-roumaissa/ros2_coach_ws/install/coach_bringup/share/coach_bringup/local_setup.dsv
[3.106s] -- Symlinking: /home/athmani-roumaissa/ros2_coach_ws/install/coach_bringup/share/coach_bringup/package.dsv
[3.180s] -- Up-to-date symlink: /home/athmani-roumaissa/ros2_coach_ws/install/coach_bringup/share/ament_index/resource_index/packages/coach_bringup
[3.185s] -- Up-to-date symlink: /home/athmani-roumaissa/ros2_coach_ws/install/coach_bringup/share/coach_bringup/cmake/coach_bringupConfig.cmake
[3.186s] -- Up-to-date symlink: /home/athmani-roumaissa/ros2_coach_ws/install/coach_bringup/share/coach_bringup/cmake/coach_bringupConfig-version.cmake
[3.190s] -- Up-to-date symlink: /home/athmani-roumaissa/ros2_coach_ws/install/coach_bringup/share/coach_bringup/package.xml
[3.202s] Invoked command in '/home/athmani-roumaissa/ros2_coach_ws/build/coach_bringup' returned '0': CMAKE_PREFIX_PATH=/home/athmani-roumaissa/ros2_coach_ws/install/coach_vision:/home/athmani-roumaissa/ros2_coach_ws/install/coach_feedback:/home/athmani-roumaissa/ros2_coach_ws/install/coach_analyzer:/opt/ros/jazzy:${CMAKE_PREFIX_PATH} DEBUGINFOD_URLS=https://debuginfod.ubuntu.com PS1=\[\e]0;\u@\h: \w\a\]${debian_chroot:+($debian_chroot)}\[\033[01;32m\]\u@\h\[\033[00m\]:\[\033[01;34m\]\w\[\033[00m\]\$ /usr/bin/cmake --install /home/athmani-roumaissa/ros2_coach_ws/build/coach_bringup
