-- The C compiler identification is GNU 13.3.0
-- The CXX compiler identification is GNU 13.3.0
-- Detecting C compiler ABI info
-- Detecting C compiler ABI info - done
-- Check for working C compiler: /usr/bin/cc - skipped
-- Detecting C compile features
-- Detecting C compile features - done
-- Detecting CXX compiler ABI info
-- Detecting CXX compiler ABI info - done
-- Check for working CXX compiler: /usr/bin/c++ - skipped
-- Detecting CXX compile features
-- Detecting CXX compile features - done
-- Found ament_cmake: 2.5.6 (/opt/ros/jazzy/share/ament_cmake/cmake)
-- Found Python3: /usr/bin/python3 (found version "3.12.3") found components: Interpreter 
-- Found rosidl_default_generators: 1.6.0 (/opt/ros/jazzy/share/rosidl_default_generators/cmake)
-- Using all available rosidl_typesupport_c: rosidl_typesupport_fastrtps_c;rosidl_typesupport_introspection_c
-- Using all available rosidl_typesupport_cpp: rosidl_typesupport_fastrtps_cpp;rosidl_typesupport_introspection_cpp
-- Found rosidl_adapter: 4.6.7 (/opt/ros/jazzy/share/rosidl_adapter/cmake)
-- Found std_msgs: 5.3.7 (/opt/ros/jazzy/share/std_msgs/cmake)
-- Found ament_cmake_ros: 0.12.0 (/opt/ros/jazzy/share/ament_cmake_ros/cmake)
-- Using all available rosidl_typesupport_c: rosidl_typesupport_fastrtps_c;rosidl_typesupport_introspection_c
-- Using all available rosidl_typesupport_cpp: rosidl_typesupport_fastrtps_cpp;rosidl_typesupport_introspection_cpp
-- Found python_cmake_module: 0.11.1 (/opt/ros/jazzy/share/python_cmake_module/cmake)
-- Found PythonExtra: /usr/bin/python3  
-- Found Python3: /usr/bin/python3 (found version "3.12.3") found components: Interpreter Development NumPy Development.Module Development.Embed 
-- Found Python3: /usr/bin/python3 (found version "3.12.3") found components: Interpreter 
-- Configuring done (10.5s)
-- Generating done (0.1s)
-- Build files have been written to: /home/athmani-roumaissa/ros2_coach_ws/build/coach_interfaces
[  2%] [34m[1mGenerating Rust code for ROS interfaces[0m
[  4%] [34m[1mGenerating type hashes for ROS interfaces[0m
[  4%] Built target ament_cmake_python_copy_coach_interfaces
running egg_info
creating coach_interfaces.egg-info
[  4%] Built target coach_interfaces__rs
[  4%] Built target coach_interfaces__rosidl_generator_type_description
writing coach_interfaces.egg-info/PKG-INFO
writing dependency_links to coach_interfaces.egg-info/dependency_links.txt
writing top-level names to coach_interfaces.egg-info/top_level.txt
writing manifest file 'coach_interfaces.egg-info/SOURCES.txt'
[  6%] [34m[1mGenerating C code for ROS interfaces[0m
[  8%] [34m[1mGenerating C++ code for ROS interfaces[0m
reading manifest file 'coach_interfaces.egg-info/SOURCES.txt'
writing manifest file 'coach_interfaces.egg-info/SOURCES.txt'
[  8%] Built target ament_cmake_python_build_coach_interfaces_egg
[  8%] Built target coach_interfaces__cpp
[ 11%] [32mBuilding C object CMakeFiles/coach_interfaces__rosidl_generator_c.dir/rosidl_generator_c/coach_interfaces/msg/detail/exercise_conditions__functions.c.o[0m
[ 13%] [32mBuilding C object CMakeFiles/coach_interfaces__rosidl_generator_c.dir/rosidl_generator_c/coach_interfaces/msg/detail/exercise_conditions__description.c.o[0m
[ 15%] [32mBuilding C object CMakeFiles/coach_interfaces__rosidl_generator_c.dir/rosidl_generator_c/coach_interfaces/msg/detail/exercise_conditions__type_support.c.o[0m
[ 17%] [32mBuilding C object CMakeFiles/coach_interfaces__rosidl_generator_c.dir/rosidl_generator_c/coach_interfaces/msg/detail/rep_result__functions.c.o[0m
[ 20%] [32mBuilding C object CMakeFiles/coach_interfaces__rosidl_generator_c.dir/rosidl_generator_c/coach_interfaces/msg/detail/rep_result__description.c.o[0m
[ 22%] [32mBuilding C object CMakeFiles/coach_interfaces__rosidl_generator_c.dir/rosidl_generator_c/coach_interfaces/msg/detail/rep_result__type_support.c.o[0m
[ 24%] [32m[1mLinking C shared library libcoach_interfaces__rosidl_generator_c.so[0m
[ 24%] Built target coach_interfaces__rosidl_generator_c
[ 26%] [34m[1mGenerating C++ type support for eProsima Fast-RTPS[0m
[ 28%] [34m[1mGenerating C type support dispatch for ROS interfaces[0m
[ 31%] [34m[1mGenerating C introspection for ROS interfaces[0m
[ 33%] [34m[1mGenerating C++ introspection for ROS interfaces[0m
[ 35%] [32mBuilding C object CMakeFiles/coach_interfaces__rosidl_typesupport_introspection_c.dir/rosidl_typesupport_introspection_c/coach_interfaces/msg/detail/exercise_conditions__type_support.c.o[0m
[ 37%] [32mBuilding CXX object CMakeFiles/coach_interfaces__rosidl_typesupport_c.dir/rosidl_typesupport_c/coach_interfaces/msg/exercise_conditions__type_support.cpp.o[0m
[ 40%] [32mBuilding C object CMakeFiles/coach_interfaces__rosidl_typesupport_introspection_c.dir/rosidl_typesupport_introspection_c/coach_interfaces/msg/detail/rep_result__type_support.c.o[0m
[ 42%] [32m[1mLinking C shared library libcoach_interfaces__rosidl_typesupport_introspection_c.so[0m
[ 44%] [32mBuilding CXX object CMakeFiles/coach_interfaces__rosidl_typesupport_c.dir/rosidl_typesupport_c/coach_interfaces/msg/rep_result__type_support.cpp.o[0m
[ 44%] Built target coach_interfaces__rosidl_typesupport_introspection_c
[ 46%] [32mBuilding CXX object CMakeFiles/coach_interfaces__rosidl_typesupport_fastrtps_cpp.dir/rosidl_typesupport_fastrtps_cpp/coach_interfaces/msg/detail/dds_fastrtps/exercise_conditions__type_support.cpp.o[0m
[ 48%] [34m[1mGenerating C++ type support dispatch for ROS interfaces[0m
[ 51%] [32m[1mLinking CXX shared library libcoach_interfaces__rosidl_typesupport_c.so[0m
[ 51%] Built target coach_interfaces__rosidl_typesupport_c
[ 53%] [32mBuilding CXX object CMakeFiles/coach_interfaces__rosidl_typesupport_fastrtps_cpp.dir/rosidl_typesupport_fastrtps_cpp/coach_interfaces/msg/detail/dds_fastrtps/rep_result__type_support.cpp.o[0m
[ 55%] [32mBuilding CXX object CMakeFiles/coach_interfaces__rosidl_typesupport_introspection_cpp.dir/rosidl_typesupport_introspection_cpp/coach_interfaces/msg/detail/exercise_conditions__type_support.cpp.o[0m
[ 57%] [32mBuilding CXX object CMakeFiles/coach_interfaces__rosidl_typesupport_cpp.dir/rosidl_typesupport_cpp/coach_interfaces/msg/exercise_conditions__type_support.cpp.o[0m
[ 60%] [32mBuilding CXX object CMakeFiles/coach_interfaces__rosidl_typesupport_introspection_cpp.dir/rosidl_typesupport_introspection_cpp/coach_interfaces/msg/detail/rep_result__type_support.cpp.o[0m
[ 62%] [34m[1mGenerating C type support for eProsima Fast-RTPS[0m
[ 64%] [32m[1mLinking CXX shared library libcoach_interfaces__rosidl_typesupport_fastrtps_cpp.so[0m
[ 66%] [32mBuilding CXX object CMakeFiles/coach_interfaces__rosidl_typesupport_cpp.dir/rosidl_typesupport_cpp/coach_interfaces/msg/rep_result__type_support.cpp.o[0m
[ 66%] Built target coach_interfaces__rosidl_typesupport_fastrtps_cpp
[ 68%] [32m[1mLinking CXX shared library libcoach_interfaces__rosidl_typesupport_introspection_cpp.so[0m
[ 68%] Built target coach_interfaces__rosidl_typesupport_introspection_cpp
[ 71%] [32mBuilding CXX object CMakeFiles/coach_interfaces__rosidl_typesupport_fastrtps_c.dir/rosidl_typesupport_fastrtps_c/coach_interfaces/msg/detail/exercise_conditions__type_support_c.cpp.o[0m
[ 73%] [32mBuilding CXX object CMakeFiles/coach_interfaces__rosidl_typesupport_fastrtps_c.dir/rosidl_typesupport_fastrtps_c/coach_interfaces/msg/detail/rep_result__type_support_c.cpp.o[0m
[ 75%] [32m[1mLinking CXX shared library libcoach_interfaces__rosidl_typesupport_cpp.so[0m
[ 75%] Built target coach_interfaces__rosidl_typesupport_cpp
[ 77%] [32m[1mLinking CXX shared library libcoach_interfaces__rosidl_typesupport_fastrtps_c.so[0m
[ 77%] Built target coach_interfaces__rosidl_typesupport_fastrtps_c
[ 77%] Built target coach_interfaces
[ 80%] [34m[1mGenerating Python code for ROS interfaces[0m
[ 80%] Built target coach_interfaces__py
[ 82%] [32mBuilding C object CMakeFiles/coach_interfaces__rosidl_generator_py.dir/rosidl_generator_py/coach_interfaces/msg/_exercise_conditions_s.c.o[0m
[ 84%] [32mBuilding C object CMakeFiles/coach_interfaces__rosidl_generator_py.dir/rosidl_generator_py/coach_interfaces/msg/_rep_result_s.c.o[0m
[ 86%] [32m[1mLinking C shared library libcoach_interfaces__rosidl_generator_py.so[0m
[ 86%] Built target coach_interfaces__rosidl_generator_py
[ 88%] [32mBuilding C object CMakeFiles/coach_interfaces_s__rosidl_typesupport_introspection_c.dir/rosidl_generator_py/coach_interfaces/_coach_interfaces_s.ep.rosidl_typesupport_introspection_c.c.o[0m
[ 91%] [32mBuilding C object CMakeFiles/coach_interfaces_s__rosidl_typesupport_fastrtps_c.dir/rosidl_generator_py/coach_interfaces/_coach_interfaces_s.ep.rosidl_typesupport_fastrtps_c.c.o[0m
[ 93%] [32m[1mLinking C shared module rosidl_generator_py/coach_interfaces/coach_interfaces_s__rosidl_typesupport_introspection_c.so[0m
[ 95%] [32m[1mLinking C shared module rosidl_generator_py/coach_interfaces/coach_interfaces_s__rosidl_typesupport_fastrtps_c.so[0m
[ 95%] Built target coach_interfaces_s__rosidl_typesupport_introspection_c
[ 95%] Built target coach_interfaces_s__rosidl_typesupport_fastrtps_c
[ 97%] [32mBuilding C object CMakeFiles/coach_interfaces_s__rosidl_typesupport_c.dir/rosidl_generator_py/coach_interfaces/_coach_interfaces_s.ep.rosidl_typesupport_c.c.o[0m
[100%] [32m[1mLinking C shared module rosidl_generator_py/coach_interfaces/coach_interfaces_s__rosidl_typesupport_c.so[0m
[100%] Built target coach_interfaces_s__rosidl_typesupport_c
-- Install configuration: ""
-- Installing: /home/athmani-roumaissa/ros2_coach_ws/install/coach_interfaces/share/ament_index/resource_index/rosidl_interfaces/coach_interfaces
-- Installing: /home/athmani-roumaissa/ros2_coach_ws/install/coach_interfaces/share/coach_interfaces/msg/ExerciseConditions.json
-- Installing: /home/athmani-roumaissa/ros2_coach_ws/install/coach_interfaces/share/coach_interfaces/msg/RepResult.json
-- Installing: /home/athmani-roumaissa/ros2_coach_ws/install/coach_interfaces/include/coach_interfaces/coach_interfaces
-- Installing: /home/athmani-roumaissa/ros2_coach_ws/install/coach_interfaces/include/coach_interfaces/coach_interfaces/msg
-- Installing: /home/athmani-roumaissa/ros2_coach_ws/install/coach_interfaces/include/coach_interfaces/coach_interfaces/msg/rosidl_generator_c__visibility_control.h
-- Installing: /home/athmani-roumaissa/ros2_coach_ws/install/coach_interfaces/include/coach_interfaces/coach_interfaces/msg/rep_result.h
-- Installing: /home/athmani-roumaissa/ros2_coach_ws/install/coach_interfaces/include/coach_interfaces/coach_interfaces/msg/detail
-- Installing: /home/athmani-roumaissa/ros2_coach_ws/install/coach_interfaces/include/coach_interfaces/coach_interfaces/msg/detail/exercise_conditions__functions.h
-- Installing: /home/athmani-roumaissa/ros2_coach_ws/install/coach_interfaces/include/coach_interfaces/coach_interfaces/msg/detail/exercise_conditions__type_support.c
-- Installing: /home/athmani-roumaissa/ros2_coach_ws/install/coach_interfaces/include/coach_interfaces/coach_interfaces/msg/detail/exercise_conditions__type_support.h
-- Installing: /home/athmani-roumaissa/ros2_coach_ws/install/coach_interfaces/include/coach_interfaces/coach_interfaces/msg/detail/exercise_conditions__description.c
-- Installing: /home/athmani-roumaissa/ros2_coach_ws/install/coach_interfaces/include/coach_interfaces/coach_interfaces/msg/detail/exercise_conditions__struct.h
-- Installing: /home/athmani-roumaissa/ros2_coach_ws/install/coach_interfaces/include/coach_interfaces/coach_interfaces/msg/detail/rep_result__type_support.h
-- Installing: /home/athmani-roumaissa/ros2_coach_ws/install/coach_interfaces/include/coach_interfaces/coach_interfaces/msg/detail/rep_result__description.c
-- Installing: /home/athmani-roumaissa/ros2_coach_ws/install/coach_interfaces/include/coach_interfaces/coach_interfaces/msg/detail/rep_result__functions.c
-- Installing: /home/athmani-roumaissa/ros2_coach_ws/install/coach_interfaces/include/coach_interfaces/coach_interfaces/msg/detail/rep_result__functions.h
-- Installing: /home/athmani-roumaissa/ros2_coach_ws/install/coach_interfaces/include/coach_interfaces/coach_interfaces/msg/detail/rep_result__struct.h
-- Installing: /home/athmani-roumaissa/ros2_coach_ws/install/coach_interfaces/include/coach_interfaces/coach_interfaces/msg/detail/exercise_conditions__functions.c
-- Installing: /home/athmani-roumaissa/ros2_coach_ws/install/coach_interfaces/include/coach_interfaces/coach_interfaces/msg/detail/rep_result__type_support.c
-- Installing: /home/athmani-roumaissa/ros2_coach_ws/install/coach_interfaces/include/coach_interfaces/coach_interfaces/msg/exercise_conditions.h
-- Installing: /home/athmani-roumaissa/ros2_coach_ws/install/coach_interfaces/share/coach_interfaces/environment/library_path.sh
-- Installing: /home/athmani-roumaissa/ros2_coach_ws/install/coach_interfaces/share/coach_interfaces/environment/library_path.dsv
-- Installing: /home/athmani-roumaissa/ros2_coach_ws/install/coach_interfaces/lib/libcoach_interfaces__rosidl_generator_c.so
-- Set non-toolchain portion of runtime path of "/home/athmani-roumaissa/ros2_coach_ws/install/coach_interfaces/lib/libcoach_interfaces__rosidl_generator_c.so" to ""
-- Up-to-date: /home/athmani-roumaissa/ros2_coach_ws/install/coach_interfaces/include/coach_interfaces/coach_interfaces
-- Up-to-date: /home/athmani-roumaissa/ros2_coach_ws/install/coach_interfaces/include/coach_interfaces/coach_interfaces/msg
-- Installing: /home/athmani-roumaissa/ros2_coach_ws/install/coach_interfaces/include/coach_interfaces/coach_interfaces/msg/rosidl_typesupport_fastrtps_c__visibility_control.h
-- Up-to-date: /home/athmani-roumaissa/ros2_coach_ws/install/coach_interfaces/include/coach_interfaces/coach_interfaces/msg/detail
-- Installing: /home/athmani-roumaissa/ros2_coach_ws/install/coach_interfaces/include/coach_interfaces/coach_interfaces/msg/detail/exercise_conditions__rosidl_typesupport_fastrtps_c.h
-- Installing: /home/athmani-roumaissa/ros2_coach_ws/install/coach_interfaces/include/coach_interfaces/coach_interfaces/msg/detail/rep_result__rosidl_typesupport_fastrtps_c.h
-- Installing: /home/athmani-roumaissa/ros2_coach_ws/install/coach_interfaces/lib/libcoach_interfaces__rosidl_typesupport_fastrtps_c.so
-- Set non-toolchain portion of runtime path of "/home/athmani-roumaissa/ros2_coach_ws/install/coach_interfaces/lib/libcoach_interfaces__rosidl_typesupport_fastrtps_c.so" to ""
-- Up-to-date: /home/athmani-roumaissa/ros2_coach_ws/install/coach_interfaces/include/coach_interfaces/coach_interfaces
-- Up-to-date: /home/athmani-roumaissa/ros2_coach_ws/install/coach_interfaces/include/coach_interfaces/coach_interfaces/msg
-- Installing: /home/athmani-roumaissa/ros2_coach_ws/install/coach_interfaces/include/coach_interfaces/coach_interfaces/msg/rosidl_typesupport_introspection_c__visibility_control.h
-- Up-to-date: /home/athmani-roumaissa/ros2_coach_ws/install/coach_interfaces/include/coach_interfaces/coach_interfaces/msg/detail
-- Installing: /home/athmani-roumaissa/ros2_coach_ws/install/coach_interfaces/include/coach_interfaces/coach_interfaces/msg/detail/exercise_conditions__type_support.c
-- Installing: /home/athmani-roumaissa/ros2_coach_ws/install/coach_interfaces/include/coach_interfaces/coach_interfaces/msg/detail/exercise_conditions__rosidl_typesupport_introspection_c.h
-- Installing: /home/athmani-roumaissa/ros2_coach_ws/install/coach_interfaces/include/coach_interfaces/coach_interfaces/msg/detail/rep_result__rosidl_typesupport_introspection_c.h
-- Installing: /home/athmani-roumaissa/ros2_coach_ws/install/coach_interfaces/include/coach_interfaces/coach_interfaces/msg/detail/rep_result__type_support.c
-- Installing: /home/athmani-roumaissa/ros2_coach_ws/install/coach_interfaces/lib/libcoach_interfaces__rosidl_typesupport_introspection_c.so
-- Set non-toolchain portion of runtime path of "/home/athmani-roumaissa/ros2_coach_ws/install/coach_interfaces/lib/libcoach_interfaces__rosidl_typesupport_introspection_c.so" to ""
-- Installing: /home/athmani-roumaissa/ros2_coach_ws/install/coach_interfaces/lib/libcoach_interfaces__rosidl_typesupport_c.so
-- Set non-toolchain portion of runtime path of "/home/athmani-roumaissa/ros2_coach_ws/install/coach_interfaces/lib/libcoach_interfaces__rosidl_typesupport_c.so" to ""
-- Up-to-date: /home/athmani-roumaissa/ros2_coach_ws/install/coach_interfaces/include/coach_interfaces/coach_interfaces
-- Up-to-date: /home/athmani-roumaissa/ros2_coach_ws/install/coach_interfaces/include/coach_interfaces/coach_interfaces/msg
-- Installing: /home/athmani-roumaissa/ros2_coach_ws/install/coach_interfaces/include/coach_interfaces/coach_interfaces/msg/exercise_conditions.hpp
-- Installing: /home/athmani-roumaissa/ros2_coach_ws/install/coach_interfaces/include/coach_interfaces/coach_interfaces/msg/rep_result.hpp
-- Installing: /home/athmani-roumaissa/ros2_coach_ws/install/coach_interfaces/include/coach_interfaces/coach_interfaces/msg/rosidl_generator_cpp__visibility_control.hpp
-- Up-to-date: /home/athmani-roumaissa/ros2_coach_ws/install/coach_interfaces/include/coach_interfaces/coach_interfaces/msg/detail
-- Installing: /home/athmani-roumaissa/ros2_coach_ws/install/coach_interfaces/include/coach_interfaces/coach_interfaces/msg/detail/exercise_conditions__type_support.hpp
-- Installing: /home/athmani-roumaissa/ros2_coach_ws/install/coach_interfaces/include/coach_interfaces/coach_interfaces/msg/detail/exercise_conditions__struct.hpp
-- Installing: /home/athmani-roumaissa/ros2_coach_ws/install/coach_interfaces/include/coach_interfaces/coach_interfaces/msg/detail/exercise_conditions__traits.hpp
-- Installing: /home/athmani-roumaissa/ros2_coach_ws/install/coach_interfaces/include/coach_interfaces/coach_interfaces/msg/detail/rep_result__builder.hpp
-- Installing: /home/athmani-roumaissa/ros2_coach_ws/install/coach_interfaces/include/coach_interfaces/coach_interfaces/msg/detail/exercise_conditions__builder.hpp
-- Installing: /home/athmani-roumaissa/ros2_coach_ws/install/coach_interfaces/include/coach_interfaces/coach_interfaces/msg/detail/rep_result__type_support.hpp
-- Installing: /home/athmani-roumaissa/ros2_coach_ws/install/coach_interfaces/include/coach_interfaces/coach_interfaces/msg/detail/rep_result__struct.hpp
-- Installing: /home/athmani-roumaissa/ros2_coach_ws/install/coach_interfaces/include/coach_interfaces/coach_interfaces/msg/detail/rep_result__traits.hpp
-- Up-to-date: /home/athmani-roumaissa/ros2_coach_ws/install/coach_interfaces/include/coach_interfaces/coach_interfaces
-- Up-to-date: /home/athmani-roumaissa/ros2_coach_ws/install/coach_interfaces/include/coach_interfaces/coach_interfaces/msg
-- Installing: /home/athmani-roumaissa/ros2_coach_ws/install/coach_interfaces/include/coach_interfaces/coach_interfaces/msg/rosidl_typesupport_fastrtps_cpp__visibility_control.h
-- Up-to-date: /home/athmani-roumaissa/ros2_coach_ws/install/coach_interfaces/include/coach_interfaces/coach_interfaces/msg/detail
-- Installing: /home/athmani-roumaissa/ros2_coach_ws/install/coach_interfaces/include/coach_interfaces/coach_interfaces/msg/detail/dds_fastrtps
-- Installing: /home/athmani-roumaissa/ros2_coach_ws/install/coach_interfaces/include/coach_interfaces/coach_interfaces/msg/detail/exercise_conditions__rosidl_typesupport_fastrtps_cpp.hpp
-- Installing: /home/athmani-roumaissa/ros2_coach_ws/install/coach_interfaces/include/coach_interfaces/coach_interfaces/msg/detail/rep_result__rosidl_typesupport_fastrtps_cpp.hpp
-- Installing: /home/athmani-roumaissa/ros2_coach_ws/install/coach_interfaces/lib/libcoach_interfaces__rosidl_typesupport_fastrtps_cpp.so
-- Set non-toolchain portion of runtime path of "/home/athmani-roumaissa/ros2_coach_ws/install/coach_interfaces/lib/libcoach_interfaces__rosidl_typesupport_fastrtps_cpp.so" to ""
-- Up-to-date: /home/athmani-roumaissa/ros2_coach_ws/install/coach_interfaces/include/coach_interfaces/coach_interfaces
-- Up-to-date: /home/athmani-roumaissa/ros2_coach_ws/install/coach_interfaces/include/coach_interfaces/coach_interfaces/msg
-- Up-to-date: /home/athmani-roumaissa/ros2_coach_ws/install/coach_interfaces/include/coach_interfaces/coach_interfaces/msg/detail
-- Installing: /home/athmani-roumaissa/ros2_coach_ws/install/coach_interfaces/include/coach_interfaces/coach_interfaces/msg/detail/exercise_conditions__rosidl_typesupport_introspection_cpp.hpp
-- Installing: /home/athmani-roumaissa/ros2_coach_ws/install/coach_interfaces/include/coach_interfaces/coach_interfaces/msg/detail/rep_result__rosidl_typesupport_introspection_cpp.hpp
-- Installing: /home/athmani-roumaissa/ros2_coach_ws/install/coach_interfaces/include/coach_interfaces/coach_interfaces/msg/detail/exercise_conditions__type_support.cpp
-- Installing: /home/athmani-roumaissa/ros2_coach_ws/install/coach_interfaces/include/coach_interfaces/coach_interfaces/msg/detail/rep_result__type_support.cpp
-- Installing: /home/athmani-roumaissa/ros2_coach_ws/install/coach_interfaces/lib/libcoach_interfaces__rosidl_typesupport_introspection_cpp.so
-- Set non-toolchain portion of runtime path of "/home/athmani-roumaissa/ros2_coach_ws/install/coach_interfaces/lib/libcoach_interfaces__rosidl_typesupport_introspection_cpp.so" to ""
-- Installing: /home/athmani-roumaissa/ros2_coach_ws/install/coach_interfaces/lib/libcoach_interfaces__rosidl_typesupport_cpp.so
-- Set non-toolchain portion of runtime path of "/home/athmani-roumaissa/ros2_coach_ws/install/coach_interfaces/lib/libcoach_interfaces__rosidl_typesupport_cpp.so" to ""
-- Installing: /home/athmani-roumaissa/ros2_coach_ws/install/coach_interfaces/share/coach_interfaces/environment/pythonpath.sh
-- Installing: /home/athmani-roumaissa/ros2_coach_ws/install/coach_interfaces/share/coach_interfaces/environment/pythonpath.dsv
-- Installing: /home/athmani-roumaissa/ros2_coach_ws/install/coach_interfaces/lib/python3.12/site-packages/coach_interfaces-0.1.0-py3.12.egg-info
-- Installing: /home/athmani-roumaissa/ros2_coach_ws/install/coach_interfaces/lib/python3.12/site-packages/coach_interfaces-0.1.0-py3.12.egg-info/dependency_links.txt
-- Installing: /home/athmani-roumaissa/ros2_coach_ws/install/coach_interfaces/lib/python3.12/site-packages/coach_interfaces-0.1.0-py3.12.egg-info/PKG-INFO
-- Installing: /home/athmani-roumaissa/ros2_coach_ws/install/coach_interfaces/lib/python3.12/site-packages/coach_interfaces-0.1.0-py3.12.egg-info/SOURCES.txt
-- Installing: /home/athmani-roumaissa/ros2_coach_ws/install/coach_interfaces/lib/python3.12/site-packages/coach_interfaces-0.1.0-py3.12.egg-info/top_level.txt
-- Installing: /home/athmani-roumaissa/ros2_coach_ws/install/coach_interfaces/lib/python3.12/site-packages/coach_interfaces
-- Installing: /home/athmani-roumaissa/ros2_coach_ws/install/coach_interfaces/lib/python3.12/site-packages/coach_interfaces/__init__.py
-- Installing: /home/athmani-roumaissa/ros2_coach_ws/install/coach_interfaces/lib/python3.12/site-packages/coach_interfaces/_coach_interfaces_s.ep.rosidl_typesupport_c.c
-- Installing: /home/athmani-roumaissa/ros2_coach_ws/install/coach_interfaces/lib/python3.12/site-packages/coach_interfaces/coach_interfaces_s__rosidl_typesupport_fastrtps_c.so
-- Installing: /home/athmani-roumaissa/ros2_coach_ws/install/coach_interfaces/lib/python3.12/site-packages/coach_interfaces/msg
-- Installing: /home/athmani-roumaissa/ros2_coach_ws/install/coach_interfaces/lib/python3.12/site-packages/coach_interfaces/msg/_rep_result.py
-- Installing: /home/athmani-roumaissa/ros2_coach_ws/install/coach_interfaces/lib/python3.12/site-packages/coach_interfaces/msg/__init__.py
-- Installing: /home/athmani-roumaissa/ros2_coach_ws/install/coach_interfaces/lib/python3.12/site-packages/coach_interfaces/msg/_exercise_conditions_s.c
-- Installing: /home/athmani-roumaissa/ros2_coach_ws/install/coach_interfaces/lib/python3.12/site-packages/coach_interfaces/msg/_rep_result_s.c
-- Installing: /home/athmani-roumaissa/ros2_coach_ws/install/coach_interfaces/lib/python3.12/site-packages/coach_interfaces/msg/_exercise_conditions.py
-- Installing: /home/athmani-roumaissa/ros2_coach_ws/install/coach_interfaces/lib/python3.12/site-packages/coach_interfaces/_coach_interfaces_s.ep.rosidl_typesupport_fastrtps_c.c
-- Installing: /home/athmani-roumaissa/ros2_coach_ws/install/coach_interfaces/lib/python3.12/site-packages/coach_interfaces/coach_interfaces_s__rosidl_typesupport_introspection_c.so
-- Installing: /home/athmani-roumaissa/ros2_coach_ws/install/coach_interfaces/lib/python3.12/site-packages/coach_interfaces/_coach_interfaces_s.ep.rosidl_typesupport_introspection_c.c
-- Installing: /home/athmani-roumaissa/ros2_coach_ws/install/coach_interfaces/lib/python3.12/site-packages/coach_interfaces/coach_interfaces_s__rosidl_typesupport_c.so
Listing '/home/athmani-roumaissa/ros2_coach_ws/install/coach_interfaces/lib/python3.12/site-packages/coach_interfaces'...
Compiling '/home/athmani-roumaissa/ros2_coach_ws/install/coach_interfaces/lib/python3.12/site-packages/coach_interfaces/__init__.py'...
Listing '/home/athmani-roumaissa/ros2_coach_ws/install/coach_interfaces/lib/python3.12/site-packages/coach_interfaces/msg'...
Compiling '/home/athmani-roumaissa/ros2_coach_ws/install/coach_interfaces/lib/python3.12/site-packages/coach_interfaces/msg/__init__.py'...
Compiling '/home/athmani-roumaissa/ros2_coach_ws/install/coach_interfaces/lib/python3.12/site-packages/coach_interfaces/msg/_exercise_conditions.py'...
Compiling '/home/athmani-roumaissa/ros2_coach_ws/install/coach_interfaces/lib/python3.12/site-packages/coach_interfaces/msg/_rep_result.py'...
-- Installing: /home/athmani-roumaissa/ros2_coach_ws/install/coach_interfaces/lib/python3.12/site-packages/coach_interfaces/coach_interfaces_s__rosidl_typesupport_fastrtps_c.so
-- Set non-toolchain portion of runtime path of "/home/athmani-roumaissa/ros2_coach_ws/install/coach_interfaces/lib/python3.12/site-packages/coach_interfaces/coach_interfaces_s__rosidl_typesupport_fastrtps_c.so" to ""
-- Installing: /home/athmani-roumaissa/ros2_coach_ws/install/coach_interfaces/lib/python3.12/site-packages/coach_interfaces/coach_interfaces_s__rosidl_typesupport_introspection_c.so
-- Set non-toolchain portion of runtime path of "/home/athmani-roumaissa/ros2_coach_ws/install/coach_interfaces/lib/python3.12/site-packages/coach_interfaces/coach_interfaces_s__rosidl_typesupport_introspection_c.so" to ""
-- Installing: /home/athmani-roumaissa/ros2_coach_ws/install/coach_interfaces/lib/python3.12/site-packages/coach_interfaces/coach_interfaces_s__rosidl_typesupport_c.so
-- Set non-toolchain portion of runtime path of "/home/athmani-roumaissa/ros2_coach_ws/install/coach_interfaces/lib/python3.12/site-packages/coach_interfaces/coach_interfaces_s__rosidl_typesupport_c.so" to ""
-- Installing: /home/athmani-roumaissa/ros2_coach_ws/install/coach_interfaces/lib/libcoach_interfaces__rosidl_generator_py.so
-- Set non-toolchain portion of runtime path of "/home/athmani-roumaissa/ros2_coach_ws/install/coach_interfaces/lib/libcoach_interfaces__rosidl_generator_py.so" to ""
-- Installing: /home/athmani-roumaissa/ros2_coach_ws/install/coach_interfaces/share/ament_index/resource_index/rust_packages/coach_interfaces
-- Installing: /home/athmani-roumaissa/ros2_coach_ws/install/coach_interfaces/share/coach_interfaces/rust
-- Installing: /home/athmani-roumaissa/ros2_coach_ws/install/coach_interfaces/share/coach_interfaces/rust/Cargo.toml
-- Installing: /home/athmani-roumaissa/ros2_coach_ws/install/coach_interfaces/share/coach_interfaces/rust/src
-- Installing: /home/athmani-roumaissa/ros2_coach_ws/install/coach_interfaces/share/coach_interfaces/rust/src/lib.rs
-- Installing: /home/athmani-roumaissa/ros2_coach_ws/install/coach_interfaces/share/coach_interfaces/rust/src/msg
-- Installing: /home/athmani-roumaissa/ros2_coach_ws/install/coach_interfaces/share/coach_interfaces/rust/src/msg/rmw.rs
-- Installing: /home/athmani-roumaissa/ros2_coach_ws/install/coach_interfaces/share/coach_interfaces/rust/src/msg.rs
-- Installing: /home/athmani-roumaissa/ros2_coach_ws/install/coach_interfaces/share/coach_interfaces/rust/build.rs
-- Installing: /home/athmani-roumaissa/ros2_coach_ws/install/coach_interfaces/share/coach_interfaces/msg/ExerciseConditions.idl
-- Installing: /home/athmani-roumaissa/ros2_coach_ws/install/coach_interfaces/share/coach_interfaces/msg/RepResult.idl
-- Installing: /home/athmani-roumaissa/ros2_coach_ws/install/coach_interfaces/share/coach_interfaces/msg/ExerciseConditions.msg
-- Installing: /home/athmani-roumaissa/ros2_coach_ws/install/coach_interfaces/share/coach_interfaces/msg/RepResult.msg
-- Installing: /home/athmani-roumaissa/ros2_coach_ws/install/coach_interfaces/share/ament_index/resource_index/package_run_dependencies/coach_interfaces
-- Installing: /home/athmani-roumaissa/ros2_coach_ws/install/coach_interfaces/share/ament_index/resource_index/parent_prefix_path/coach_interfaces
-- Installing: /home/athmani-roumaissa/ros2_coach_ws/install/coach_interfaces/share/coach_interfaces/environment/ament_prefix_path.sh
-- Installing: /home/athmani-roumaissa/ros2_coach_ws/install/coach_interfaces/share/coach_interfaces/environment/ament_prefix_path.dsv
-- Installing: /home/athmani-roumaissa/ros2_coach_ws/install/coach_interfaces/share/coach_interfaces/environment/path.sh
-- Installing: /home/athmani-roumaissa/ros2_coach_ws/install/coach_interfaces/share/coach_interfaces/environment/path.dsv
-- Installing: /home/athmani-roumaissa/ros2_coach_ws/install/coach_interfaces/share/coach_interfaces/local_setup.bash
-- Installing: /home/athmani-roumaissa/ros2_coach_ws/install/coach_interfaces/share/coach_interfaces/local_setup.sh
-- Installing: /home/athmani-roumaissa/ros2_coach_ws/install/coach_interfaces/share/coach_interfaces/local_setup.zsh
-- Installing: /home/athmani-roumaissa/ros2_coach_ws/install/coach_interfaces/share/coach_interfaces/local_setup.dsv
-- Installing: /home/athmani-roumaissa/ros2_coach_ws/install/coach_interfaces/share/coach_interfaces/package.dsv
-- Installing: /home/athmani-roumaissa/ros2_coach_ws/install/coach_interfaces/share/ament_index/resource_index/packages/coach_interfaces
-- Installing: /home/athmani-roumaissa/ros2_coach_ws/install/coach_interfaces/share/coach_interfaces/cmake/export_coach_interfaces__rosidl_generator_cExport.cmake
-- Installing: /home/athmani-roumaissa/ros2_coach_ws/install/coach_interfaces/share/coach_interfaces/cmake/export_coach_interfaces__rosidl_generator_cExport-noconfig.cmake
-- Installing: /home/athmani-roumaissa/ros2_coach_ws/install/coach_interfaces/share/coach_interfaces/cmake/export_coach_interfaces__rosidl_typesupport_fastrtps_cExport.cmake
-- Installing: /home/athmani-roumaissa/ros2_coach_ws/install/coach_interfaces/share/coach_interfaces/cmake/export_coach_interfaces__rosidl_typesupport_fastrtps_cExport-noconfig.cmake
-- Installing: /home/athmani-roumaissa/ros2_coach_ws/install/coach_interfaces/share/coach_interfaces/cmake/coach_interfaces__rosidl_typesupport_introspection_cExport.cmake
-- Installing: /home/athmani-roumaissa/ros2_coach_ws/install/coach_interfaces/share/coach_interfaces/cmake/coach_interfaces__rosidl_typesupport_introspection_cExport-noconfig.cmake
-- Installing: /home/athmani-roumaissa/ros2_coach_ws/install/coach_interfaces/share/coach_interfaces/cmake/coach_interfaces__rosidl_typesupport_cExport.cmake
-- Installing: /home/athmani-roumaissa/ros2_coach_ws/install/coach_interfaces/share/coach_interfaces/cmake/coach_interfaces__rosidl_typesupport_cExport-noconfig.cmake
-- Installing: /home/athmani-roumaissa/ros2_coach_ws/install/coach_interfaces/share/coach_interfaces/cmake/export_coach_interfaces__rosidl_generator_cppExport.cmake
-- Installing: /home/athmani-roumaissa/ros2_coach_ws/install/coach_interfaces/share/coach_interfaces/cmake/export_coach_interfaces__rosidl_typesupport_fastrtps_cppExport.cmake
-- Installing: /home/athmani-roumaissa/ros2_coach_ws/install/coach_interfaces/share/coach_interfaces/cmake/export_coach_interfaces__rosidl_typesupport_fastrtps_cppExport-noconfig.cmake
-- Installing: /home/athmani-roumaissa/ros2_coach_ws/install/coach_interfaces/share/coach_interfaces/cmake/coach_interfaces__rosidl_typesupport_introspection_cppExport.cmake
-- Installing: /home/athmani-roumaissa/ros2_coach_ws/install/coach_interfaces/share/coach_interfaces/cmake/coach_interfaces__rosidl_typesupport_introspection_cppExport-noconfig.cmake
-- Installing: /home/athmani-roumaissa/ros2_coach_ws/install/coach_interfaces/share/coach_interfaces/cmake/coach_interfaces__rosidl_typesupport_cppExport.cmake
-- Installing: /home/athmani-roumaissa/ros2_coach_ws/install/coach_interfaces/share/coach_interfaces/cmake/coach_interfaces__rosidl_typesupport_cppExport-noconfig.cmake
-- Installing: /home/athmani-roumaissa/ros2_coach_ws/install/coach_interfaces/share/coach_interfaces/cmake/export_coach_interfaces__rosidl_generator_pyExport.cmake
-- Installing: /home/athmani-roumaissa/ros2_coach_ws/install/coach_interfaces/share/coach_interfaces/cmake/export_coach_interfaces__rosidl_generator_pyExport-noconfig.cmake
-- Installing: /home/athmani-roumaissa/ros2_coach_ws/install/coach_interfaces/share/coach_interfaces/cmake/rosidl_cmake-extras.cmake
-- Installing: /home/athmani-roumaissa/ros2_coach_ws/install/coach_interfaces/share/coach_interfaces/cmake/ament_cmake_export_dependencies-extras.cmake
-- Installing: /home/athmani-roumaissa/ros2_coach_ws/install/coach_interfaces/share/coach_interfaces/cmake/ament_cmake_export_include_directories-extras.cmake
-- Installing: /home/athmani-roumaissa/ros2_coach_ws/install/coach_interfaces/share/coach_interfaces/cmake/ament_cmake_export_libraries-extras.cmake
-- Installing: /home/athmani-roumaissa/ros2_coach_ws/install/coach_interfaces/share/coach_interfaces/cmake/ament_cmake_export_targets-extras.cmake
-- Installing: /home/athmani-roumaissa/ros2_coach_ws/install/coach_interfaces/share/coach_interfaces/cmake/rosidl_cmake_export_typesupport_targets-extras.cmake
-- Installing: /home/athmani-roumaissa/ros2_coach_ws/install/coach_interfaces/share/coach_interfaces/cmake/rosidl_cmake_export_typesupport_libraries-extras.cmake
-- Installing: /home/athmani-roumaissa/ros2_coach_ws/install/coach_interfaces/share/coach_interfaces/cmake/coach_interfacesConfig.cmake
-- Installing: /home/athmani-roumaissa/ros2_coach_ws/install/coach_interfaces/share/coach_interfaces/cmake/coach_interfacesConfig-version.cmake
-- Installing: /home/athmani-roumaissa/ros2_coach_ws/install/coach_interfaces/share/coach_interfaces/package.xml
