[1.667s] Invoking command in '/home/athmani-roumaissa/ros2_coach_ws/src/coach_analyzer': DEBUGINFOD_URLS=https://debuginfod.ubuntu.com PS1=(gym_env) \[\e]0;\u@\h: \w\a\]${debian_chroot:+($debian_chroot)}\[\033[01;32m\]\u@\h\[\033[00m\]:\[\033[01;34m\]\w\[\033[00m\]\$ PYTHONPATH=/home/athmani-roumaissa/ros2_coach_ws/build/coach_analyzer/prefix_override:/usr/lib/python3/dist-packages/colcon_core/task/python/colcon_distutils_commands:/home/athmani-roumaissa/ros2_coach_ws/install/coach_analyzer/lib/python3.12/site-packages:${PYTHONPATH} VIRTUAL_ENV_PROMPT=(gym_env) /usr/bin/python3 -W ignore:setup.py install is deprecated -W ignore:easy_install command is deprecated setup.py egg_info --egg-base ../../build/coach_analyzer build --build-base /home/athmani-roumaissa/ros2_coach_ws/build/coach_analyzer/build install --record /home/athmani-roumaissa/ros2_coach_ws/build/coach_analyzer/install.log --single-version-externally-managed install_data
[2.055s] running egg_info
[2.055s] creating ../../build/coach_analyzer/coach_analyzer.egg-info
[2.091s] writing ../../build/coach_analyzer/coach_analyzer.egg-info/PKG-INFO
[2.092s] writing dependency_links to ../../build/coach_analyzer/coach_analyzer.egg-info/dependency_links.txt
[2.092s] writing entry points to ../../build/coach_analyzer/coach_analyzer.egg-info/entry_points.txt
[2.092s] writing requirements to ../../build/coach_analyzer/coach_analyzer.egg-info/requires.txt
[2.093s] writing top-level names to ../../build/coach_analyzer/coach_analyzer.egg-info/top_level.txt
[2.093s] writing manifest file '../../build/coach_analyzer/coach_analyzer.egg-info/SOURCES.txt'
[2.156s] reading manifest file '../../build/coach_analyzer/coach_analyzer.egg-info/SOURCES.txt'
[2.157s] writing manifest file '../../build/coach_analyzer/coach_analyzer.egg-info/SOURCES.txt'
[2.158s] running build
[2.158s] running build_py
[2.158s] creating /home/athmani-roumaissa/ros2_coach_ws/build/coach_analyzer/build
[2.158s] creating /home/athmani-roumaissa/ros2_coach_ws/build/coach_analyzer/build/lib
[2.159s] creating /home/athmani-roumaissa/ros2_coach_ws/build/coach_analyzer/build/lib/coach_analyzer
[2.159s] copying coach_analyzer/rep_validator_node.py -> /home/athmani-roumaissa/ros2_coach_ws/build/coach_analyzer/build/lib/coach_analyzer
[2.159s] copying coach_analyzer/__init__.py -> /home/athmani-roumaissa/ros2_coach_ws/build/coach_analyzer/build/lib/coach_analyzer
[2.159s] copying coach_analyzer/coach_speaker.py -> /home/athmani-roumaissa/ros2_coach_ws/build/coach_analyzer/build/lib/coach_analyzer
[2.160s] running install
[2.169s] running install_lib
[2.199s] creating /home/athmani-roumaissa/ros2_coach_ws/install/coach_analyzer/lib/python3.12/site-packages/coach_analyzer
[2.199s] copying /home/athmani-roumaissa/ros2_coach_ws/build/coach_analyzer/build/lib/coach_analyzer/rep_validator_node.py -> /home/athmani-roumaissa/ros2_coach_ws/install/coach_analyzer/lib/python3.12/site-packages/coach_analyzer
[2.199s] copying /home/athmani-roumaissa/ros2_coach_ws/build/coach_analyzer/build/lib/coach_analyzer/__init__.py -> /home/athmani-roumaissa/ros2_coach_ws/install/coach_analyzer/lib/python3.12/site-packages/coach_analyzer
[2.199s] copying /home/athmani-roumaissa/ros2_coach_ws/build/coach_analyzer/build/lib/coach_analyzer/coach_speaker.py -> /home/athmani-roumaissa/ros2_coach_ws/install/coach_analyzer/lib/python3.12/site-packages/coach_analyzer
[2.200s] byte-compiling /home/athmani-roumaissa/ros2_coach_ws/install/coach_analyzer/lib/python3.12/site-packages/coach_analyzer/rep_validator_node.py to rep_validator_node.cpython-312.pyc
[2.202s] byte-compiling /home/athmani-roumaissa/ros2_coach_ws/install/coach_analyzer/lib/python3.12/site-packages/coach_analyzer/__init__.py to __init__.cpython-312.pyc
[2.202s] byte-compiling /home/athmani-roumaissa/ros2_coach_ws/install/coach_analyzer/lib/python3.12/site-packages/coach_analyzer/coach_speaker.py to coach_speaker.cpython-312.pyc
[2.203s] running install_data
[2.203s] creating /home/athmani-roumaissa/ros2_coach_ws/install/coach_analyzer/share/ament_index
[2.204s] creating /home/athmani-roumaissa/ros2_coach_ws/install/coach_analyzer/share/ament_index/resource_index
[2.204s] creating /home/athmani-roumaissa/ros2_coach_ws/install/coach_analyzer/share/ament_index/resource_index/packages
[2.204s] copying resource/coach_analyzer -> /home/athmani-roumaissa/ros2_coach_ws/install/coach_analyzer/share/ament_index/resource_index/packages
[2.204s] copying package.xml -> /home/athmani-roumaissa/ros2_coach_ws/install/coach_analyzer/share/coach_analyzer
[2.205s] running install_egg_info
[2.239s] Copying ../../build/coach_analyzer/coach_analyzer.egg-info to /home/athmani-roumaissa/ros2_coach_ws/install/coach_analyzer/lib/python3.12/site-packages/coach_analyzer-0.0.0-py3.12.egg-info
[2.240s] running install_scripts
[2.434s] Installing coach_speaker script to /home/athmani-roumaissa/ros2_coach_ws/install/coach_analyzer/lib/coach_analyzer
[2.435s] Installing rep_validator script to /home/athmani-roumaissa/ros2_coach_ws/install/coach_analyzer/lib/coach_analyzer
[2.435s] writing list of installed files to '/home/athmani-roumaissa/ros2_coach_ws/build/coach_analyzer/install.log'
[2.476s] Invoked command in '/home/athmani-roumaissa/ros2_coach_ws/src/coach_analyzer' returned '0': DEBUGINFOD_URLS=https://debuginfod.ubuntu.com PS1=(gym_env) \[\e]0;\u@\h: \w\a\]${debian_chroot:+($debian_chroot)}\[\033[01;32m\]\u@\h\[\033[00m\]:\[\033[01;34m\]\w\[\033[00m\]\$ PYTHONPATH=/home/athmani-roumaissa/ros2_coach_ws/build/coach_analyzer/prefix_override:/usr/lib/python3/dist-packages/colcon_core/task/python/colcon_distutils_commands:/home/athmani-roumaissa/ros2_coach_ws/install/coach_analyzer/lib/python3.12/site-packages:${PYTHONPATH} VIRTUAL_ENV_PROMPT=(gym_env) /usr/bin/python3 -W ignore:setup.py install is deprecated -W ignore:easy_install command is deprecated setup.py egg_info --egg-base ../../build/coach_analyzer build --build-base /home/athmani-roumaissa/ros2_coach_ws/build/coach_analyzer/build install --record /home/athmani-roumaissa/ros2_coach_ws/build/coach_analyzer/install.log --single-version-externally-managed install_data
