[1.268s] Invoking command in '/home/athmani-roumaissa/ros2_coach_ws/build/coach_interfaces': DEBUGINFOD_URLS=https://debuginfod.ubuntu.com PS1=\[\e]0;\u@\h: \w\a\]${debian_chroot:+($debian_chroot)}\[\033[01;32m\]\u@\h\[\033[00m\]:\[\033[01;34m\]\w\[\033[00m\]\$ /usr/bin/cmake /home/athmani-roumaissa/ros2_coach_ws/src/coach_interfaces -DCATKIN_INSTALL_INTO_PREFIX_ROOT=0 -DCATKIN_SYMLINK_INSTALL=ON -DCMAKE_INSTALL_PREFIX=/home/athmani-roumaissa/ros2_coach_ws/install/coach_interfaces
[1.313s] -- Found ament_cmake: 2.5.6 (/opt/ros/jazzy/share/ament_cmake/cmake)
[1.892s] -- Found rosidl_default_generators: 1.6.0 (/opt/ros/jazzy/share/rosidl_default_generators/cmake)
[1.903s] -- Using all available rosidl_typesupport_c: rosidl_typesupport_fastrtps_c;rosidl_typesupport_introspection_c
[2.076s] -- Using all available rosidl_typesupport_cpp: rosidl_typesupport_fastrtps_cpp;rosidl_typesupport_introspection_cpp
[2.220s] -- Found rosidl_adapter: 4.6.7 (/opt/ros/jazzy/share/rosidl_adapter/cmake)
[2.230s] -- Found std_msgs: 5.3.7 (/opt/ros/jazzy/share/std_msgs/cmake)
[2.891s] [31mCMake Error at /opt/ros/jazzy/share/rosidl_adapter/cmake/rosidl_adapt_interfaces.cmake:57 (message):
[2.892s]   execute_process(/home/athmani-roumaissa/ros2_coach_ws/gym_env/bin/python3
[2.893s]   -m rosidl_adapter --package-name coach_interfaces --arguments-file
[2.893s]   /home/athmani-roumaissa/ros2_coach_ws/build/coach_interfaces/rosidl_adapter__arguments__coach_interfaces.json
[2.894s]   --output-dir
[2.894s]   /home/athmani-roumaissa/ros2_coach_ws/build/coach_interfaces/rosidl_adapter/coach_interfaces
[2.894s]   --output-file
[2.895s]   /home/athmani-roumaissa/ros2_coach_ws/build/coach_interfaces/rosidl_adapter/coach_interfaces.idls)
[2.897s]   returned error code 1:
[2.897s] 
[2.898s]   Traceback (most recent call last):
[2.898s] 
[2.898s]     File "<frozen runpy>", line 198, in _run_module_as_main
[2.898s]     File "<frozen runpy>", line 88, in _run_code
[2.899s]     File "/opt/ros/jazzy/lib/python3.12/site-packages/rosidl_adapter/__main__.py", line 19, in <module>
[2.899s]       sys.exit(main())
[2.899s]                ^^^^^^
[2.900s]     File "/opt/ros/jazzy/lib/python3.12/site-packages/rosidl_adapter/main.py", line 53, in main
[2.900s]       abs_idl_file = convert_to_idl(
[2.900s]                      ^^^^^^^^^^^^^^^
[2.900s]     File "/opt/ros/jazzy/lib/python3.12/site-packages/rosidl_adapter/__init__.py", line 18, in convert_to_idl
[2.900s]       from rosidl_adapter.msg import convert_msg_to_idl
[2.901s]     File "/opt/ros/jazzy/lib/python3.12/site-packages/rosidl_adapter/msg/__init__.py", line 16, in <module>
[2.901s]       from rosidl_adapter.resource import expand_template
[2.901s]     File "/opt/ros/jazzy/lib/python3.12/site-packages/rosidl_adapter/resource/__init__.py", line 19, in <module>
[2.901s]       import em
[2.902s] 
[2.902s]   ModuleNotFoundError: No module named 'em'
[2.902s] 
[2.902s] Call Stack (most recent call first):
[2.902s]   /opt/ros/jazzy/share/rosidl_cmake/cmake/rosidl_generate_interfaces.cmake:132 (rosidl_adapt_interfaces)
[2.903s]   CMakeLists.txt:8 (rosidl_generate_interfaces)
[2.903s] 
[2.903s] [0m
[2.904s] -- Configuring incomplete, errors occurred!
