[0.628s] Invoking command in '/home/athmani-roumaissa/ros2_coach_ws/build/coach_bringup': CMAKE_PREFIX_PATH=${CMAKE_PREFIX_PATH}:/home/athmani-roumaissa/ros2_coach_ws/install/coach_vision:/home/athmani-roumaissa/ros2_coach_ws/install/coach_feedback:/home/athmani-roumaissa/ros2_coach_ws/install/coach_analyzer:/opt/ros/jazzy DEBUGINFOD_URLS=https://debuginfod.ubuntu.com PS1=\[\e]0;\u@\h: \w\a\]${debian_chroot:+($debian_chroot)}\[\033[01;32m\]\u@\h\[\033[00m\]:\[\033[01;34m\]\w\[\033[00m\]\$ /usr/bin/cmake /home/athmani-roumaissa/ros2_coach_ws/src/coach_bringup -DAMENT_CMAKE_SYMLINK_INSTALL=1 -DCMAKE_INSTALL_PREFIX=/home/athmani-roumaissa/ros2_coach_ws/install/coach_bringup
[1.281s] -- Found ament_cmake: 2.5.6 (/opt/ros/jazzy/share/ament_cmake/cmake)
[1.283s] -- Override CMake install command with custom implementation using symlinks instead of copying resources
[1.283s] -- Configuring incomplete, errors occurred!
[1.284s] Traceback (most recent call last):
[1.285s]   File "/opt/ros/jazzy/share/ament_cmake_core/cmake/core/package_xml_2_cmake.py", line 22, in <module>
[1.285s]     from catkin_pkg.package import parse_package_string
[1.286s] ModuleNotFoundError: No module named 'catkin_pkg'
[1.286s] [31mCMake Error at /opt/ros/jazzy/share/ament_cmake_core/cmake/core/ament_package_xml.cmake:95 (message):
[1.286s]   execute_process(/home/athmani-roumaissa/ros2_coach_ws/gym_env/bin/python3
[1.287s]   /opt/ros/jazzy/share/ament_cmake_core/cmake/core/package_xml_2_cmake.py
[1.287s]   /home/athmani-roumaissa/ros2_coach_ws/src/coach_bringup/package.xml
[1.288s]   /home/athmani-roumaissa/ros2_coach_ws/build/coach_bringup/ament_cmake_core/package.cmake)
[1.289s]   returned error code 1
[1.289s] Call Stack (most recent call first):
[1.289s]   /opt/ros/jazzy/share/ament_cmake_core/cmake/core/ament_package_xml.cmake:49 (_ament_package_xml)
[1.289s]   /opt/ros/jazzy/share/ament_cmake_core/cmake/core/ament_package.cmake:63 (ament_package_xml)
[1.289s]   CMakeLists.txt:10 (ament_package)
[1.289s] 
[1.290s] [0m
[1.303s] Invoked command in '/home/athmani-roumaissa/ros2_coach_ws/build/coach_bringup' returned '1': CMAKE_PREFIX_PATH=${CMAKE_PREFIX_PATH}:/home/athmani-roumaissa/ros2_coach_ws/install/coach_vision:/home/athmani-roumaissa/ros2_coach_ws/install/coach_feedback:/home/athmani-roumaissa/ros2_coach_ws/install/coach_analyzer:/opt/ros/jazzy DEBUGINFOD_URLS=https://debuginfod.ubuntu.com PS1=\[\e]0;\u@\h: \w\a\]${debian_chroot:+($debian_chroot)}\[\033[01;32m\]\u@\h\[\033[00m\]:\[\033[01;34m\]\w\[\033[00m\]\$ /usr/bin/cmake /home/athmani-roumaissa/ros2_coach_ws/src/coach_bringup -DAMENT_CMAKE_SYMLINK_INSTALL=1 -DCMAKE_INSTALL_PREFIX=/home/athmani-roumaissa/ros2_coach_ws/install/coach_bringup
