[2.718s] Invoking command in '/home/athmani-roumaissa/ros2_coach_ws/build/coach_analyzer': DEBUGINFOD_URLS=https://debuginfod.ubuntu.com PS1=(gym_env) \[\e]0;\u@\h: \w\a\]${debian_chroot:+($debian_chroot)}\[\033[01;32m\]\u@\h\[\033[00m\]:\[\033[01;34m\]\w\[\033[00m\]\$ PYTHONPATH=/home/athmani-roumaissa/ros2_coach_ws/build/coach_analyzer/prefix_override:/usr/lib/python3/dist-packages/colcon_core/task/python/colcon_distutils_commands:/home/athmani-roumaissa/ros2_coach_ws/install/coach_analyzer/lib/python3.12/site-packages:${PYTHONPATH} VIRTUAL_ENV_PROMPT=(gym_env) /usr/bin/python3 -W ignore:setup.py install is deprecated -W ignore:easy_install command is deprecated setup.py develop --editable --build-directory /home/athmani-roumaissa/ros2_coach_ws/build/coach_analyzer/build --no-deps symlink_data --force
[3.529s] running develop
[4.056s] running egg_info
[4.097s] writing coach_analyzer.egg-info/PKG-INFO
[4.097s] writing dependency_links to coach_analyzer.egg-info/dependency_links.txt
[4.098s] writing entry points to coach_analyzer.egg-info/entry_points.txt
[4.098s] writing requirements to coach_analyzer.egg-info/requires.txt
[4.098s] writing top-level names to coach_analyzer.egg-info/top_level.txt
[4.186s] reading manifest file 'coach_analyzer.egg-info/SOURCES.txt'
[4.187s] writing manifest file 'coach_analyzer.egg-info/SOURCES.txt'
[4.256s] running build_ext
[4.257s] Creating /home/athmani-roumaissa/ros2_coach_ws/install/coach_analyzer/lib/python3.12/site-packages/coach-analyzer.egg-link (link to .)
[4.258s] Installing coach_speaker script to /home/athmani-roumaissa/ros2_coach_ws/install/coach_analyzer/lib/coach_analyzer
[4.259s] Installing rep_validator script to /home/athmani-roumaissa/ros2_coach_ws/install/coach_analyzer/lib/coach_analyzer
[4.260s] 
[4.260s] Installed /home/athmani-roumaissa/ros2_coach_ws/build/coach_analyzer
[4.261s] running symlink_data
[4.261s] symbolically linking /home/athmani-roumaissa/ros2_coach_ws/build/coach_analyzer/resource/coach_analyzer -> /home/athmani-roumaissa/ros2_coach_ws/install/coach_analyzer/share/ament_index/resource_index/packages
[4.261s] symbolically linking /home/athmani-roumaissa/ros2_coach_ws/build/coach_analyzer/package.xml -> /home/athmani-roumaissa/ros2_coach_ws/install/coach_analyzer/share/coach_analyzer
[4.356s] Invoked command in '/home/athmani-roumaissa/ros2_coach_ws/build/coach_analyzer' returned '0': DEBUGINFOD_URLS=https://debuginfod.ubuntu.com PS1=(gym_env) \[\e]0;\u@\h: \w\a\]${debian_chroot:+($debian_chroot)}\[\033[01;32m\]\u@\h\[\033[00m\]:\[\033[01;34m\]\w\[\033[00m\]\$ PYTHONPATH=/home/athmani-roumaissa/ros2_coach_ws/build/coach_analyzer/prefix_override:/usr/lib/python3/dist-packages/colcon_core/task/python/colcon_distutils_commands:/home/athmani-roumaissa/ros2_coach_ws/install/coach_analyzer/lib/python3.12/site-packages:${PYTHONPATH} VIRTUAL_ENV_PROMPT=(gym_env) /usr/bin/python3 -W ignore:setup.py install is deprecated -W ignore:easy_install command is deprecated setup.py develop --editable --build-directory /home/athmani-roumaissa/ros2_coach_ws/build/coach_analyzer/build --no-deps symlink_data --force
