[  2%] Built target coach_interfaces__rosidl_generator_type_description
[  2%] Built target ament_cmake_python_copy_coach_interfaces
[  4%] Built target coach_interfaces__cpp
running egg_info
writing coach_interfaces.egg-info/PKG-INFO
writing dependency_links to coach_interfaces.egg-info/dependency_links.txt
writing top-level names to coach_interfaces.egg-info/top_level.txt
reading manifest file 'coach_interfaces.egg-info/SOURCES.txt'
writing manifest file 'coach_interfaces.egg-info/SOURCES.txt'
[  4%] Built target ament_cmake_python_build_coach_interfaces_egg
[ 22%] Built target coach_interfaces__rosidl_generator_c
[ 24%] Built target coach_interfaces__rs
[ 33%] Built target coach_interfaces__rosidl_typesupport_fastrtps_cpp
[ 42%] Built target coach_interfaces__rosidl_typesupport_introspection_cpp
[ 51%] Built target coach_interfaces__rosidl_typesupport_cpp
[ 60%] Built target coach_interfaces__rosidl_typesupport_fastrtps_c
[ 68%] Built target coach_interfaces__rosidl_typesupport_c
[ 77%] Built target coach_interfaces__rosidl_typesupport_introspection_c
[ 77%] Built target coach_interfaces
[ 80%] Built target coach_interfaces__py
[ 86%] Built target coach_interfaces__rosidl_generator_py
[ 91%] Built target coach_interfaces_s__rosidl_typesupport_fastrtps_c
[ 95%] Built target coach_interfaces_s__rosidl_typesupport_c
[100%] Built target coach_interfaces_s__rosidl_typesupport_introspection_c
-- Install configuration: ""
-- Up-to-date: /home/athmani-roumaissa/ros2_coach_ws/install/coach_interfaces/share/ament_index/resource_index/rosidl_interfaces/coach_interfaces
-- Up-to-date: /home/athmani-roumaissa/ros2_coach_ws/install/coach_interfaces/share/coach_interfaces/msg/ExerciseConditions.json
-- Up-to-date: /home/athmani-roumaissa/ros2_coach_ws/install/coach_interfaces/share/coach_interfaces/msg/RepResult.json
-- Up-to-date: /home/athmani-roumaissa/ros2_coach_ws/install/coach_interfaces/include/coach_interfaces/coach_interfaces
-- Up-to-date: /home/athmani-roumaissa/ros2_coach_ws/install/coach_interfaces/include/coach_interfaces/coach_interfaces/msg
-- Up-to-date: /home/athmani-roumaissa/ros2_coach_ws/install/coach_interfaces/include/coach_interfaces/coach_interfaces/msg/rosidl_generator_c__visibility_control.h
-- Up-to-date: /home/athmani-roumaissa/ros2_coach_ws/install/coach_interfaces/include/coach_interfaces/coach_interfaces/msg/rep_result.h
-- Up-to-date: /home/athmani-roumaissa/ros2_coach_ws/install/coach_interfaces/include/coach_interfaces/coach_interfaces/msg/detail
-- Up-to-date: /home/athmani-roumaissa/ros2_coach_ws/install/coach_interfaces/include/coach_interfaces/coach_interfaces/msg/detail/exercise_conditions__functions.h
-- Installing: /home/athmani-roumaissa/ros2_coach_ws/install/coach_interfaces/include/coach_interfaces/coach_interfaces/msg/detail/exercise_conditions__type_support.c
-- Up-to-date: /home/athmani-roumaissa/ros2_coach_ws/install/coach_interfaces/include/coach_interfaces/coach_interfaces/msg/detail/exercise_conditions__type_support.h
-- Up-to-date: /home/athmani-roumaissa/ros2_coach_ws/install/coach_interfaces/include/coach_interfaces/coach_interfaces/msg/detail/exercise_conditions__description.c
-- Up-to-date: /home/athmani-roumaissa/ros2_coach_ws/install/coach_interfaces/include/coach_interfaces/coach_interfaces/msg/detail/exercise_conditions__struct.h
-- Up-to-date: /home/athmani-roumaissa/ros2_coach_ws/install/coach_interfaces/include/coach_interfaces/coach_interfaces/msg/detail/rep_result__type_support.h
-- Up-to-date: /home/athmani-roumaissa/ros2_coach_ws/install/coach_interfaces/include/coach_interfaces/coach_interfaces/msg/detail/rep_result__description.c
-- Up-to-date: /home/athmani-roumaissa/ros2_coach_ws/install/coach_interfaces/include/coach_interfaces/coach_interfaces/msg/detail/rep_result__functions.c
-- Up-to-date: /home/athmani-roumaissa/ros2_coach_ws/install/coach_interfaces/include/coach_interfaces/coach_interfaces/msg/detail/rep_result__functions.h
-- Up-to-date: /home/athmani-roumaissa/ros2_coach_ws/install/coach_interfaces/include/coach_interfaces/coach_interfaces/msg/detail/rep_result__struct.h
-- Up-to-date: /home/athmani-roumaissa/ros2_coach_ws/install/coach_interfaces/include/coach_interfaces/coach_interfaces/msg/detail/exercise_conditions__functions.c
-- Up-to-date: /home/athmani-roumaissa/ros2_coach_ws/install/coach_interfaces/include/coach_interfaces/coach_interfaces/msg/detail/rep_result__type_support.c
-- Up-to-date: /home/athmani-roumaissa/ros2_coach_ws/install/coach_interfaces/include/coach_interfaces/coach_interfaces/msg/exercise_conditions.h
-- Up-to-date: /home/athmani-roumaissa/ros2_coach_ws/install/coach_interfaces/share/coach_interfaces/environment/library_path.sh
-- Up-to-date: /home/athmani-roumaissa/ros2_coach_ws/install/coach_interfaces/share/coach_interfaces/environment/library_path.dsv
-- Up-to-date: /home/athmani-roumaissa/ros2_coach_ws/install/coach_interfaces/lib/libcoach_interfaces__rosidl_generator_c.so
-- Up-to-date: /home/athmani-roumaissa/ros2_coach_ws/install/coach_interfaces/include/coach_interfaces/coach_interfaces
-- Up-to-date: /home/athmani-roumaissa/ros2_coach_ws/install/coach_interfaces/include/coach_interfaces/coach_interfaces/msg
-- Up-to-date: /home/athmani-roumaissa/ros2_coach_ws/install/coach_interfaces/include/coach_interfaces/coach_interfaces/msg/rosidl_typesupport_fastrtps_c__visibility_control.h
-- Up-to-date: /home/athmani-roumaissa/ros2_coach_ws/install/coach_interfaces/include/coach_interfaces/coach_interfaces/msg/detail
-- Up-to-date: /home/athmani-roumaissa/ros2_coach_ws/install/coach_interfaces/include/coach_interfaces/coach_interfaces/msg/detail/exercise_conditions__rosidl_typesupport_fastrtps_c.h
-- Up-to-date: /home/athmani-roumaissa/ros2_coach_ws/install/coach_interfaces/include/coach_interfaces/coach_interfaces/msg/detail/rep_result__rosidl_typesupport_fastrtps_c.h
-- Up-to-date: /home/athmani-roumaissa/ros2_coach_ws/install/coach_interfaces/lib/libcoach_interfaces__rosidl_typesupport_fastrtps_c.so
-- Up-to-date: /home/athmani-roumaissa/ros2_coach_ws/install/coach_interfaces/include/coach_interfaces/coach_interfaces
-- Up-to-date: /home/athmani-roumaissa/ros2_coach_ws/install/coach_interfaces/include/coach_interfaces/coach_interfaces/msg
-- Up-to-date: /home/athmani-roumaissa/ros2_coach_ws/install/coach_interfaces/include/coach_interfaces/coach_interfaces/msg/rosidl_typesupport_introspection_c__visibility_control.h
-- Up-to-date: /home/athmani-roumaissa/ros2_coach_ws/install/coach_interfaces/include/coach_interfaces/coach_interfaces/msg/detail
-- Installing: /home/athmani-roumaissa/ros2_coach_ws/install/coach_interfaces/include/coach_interfaces/coach_interfaces/msg/detail/exercise_conditions__type_support.c
-- Up-to-date: /home/athmani-roumaissa/ros2_coach_ws/install/coach_interfaces/include/coach_interfaces/coach_interfaces/msg/detail/exercise_conditions__rosidl_typesupport_introspection_c.h
-- Up-to-date: /home/athmani-roumaissa/ros2_coach_ws/install/coach_interfaces/include/coach_interfaces/coach_interfaces/msg/detail/rep_result__rosidl_typesupport_introspection_c.h
-- Up-to-date: /home/athmani-roumaissa/ros2_coach_ws/install/coach_interfaces/include/coach_interfaces/coach_interfaces/msg/detail/rep_result__type_support.c
-- Up-to-date: /home/athmani-roumaissa/ros2_coach_ws/install/coach_interfaces/lib/libcoach_interfaces__rosidl_typesupport_introspection_c.so
-- Up-to-date: /home/athmani-roumaissa/ros2_coach_ws/install/coach_interfaces/lib/libcoach_interfaces__rosidl_typesupport_c.so
-- Up-to-date: /home/athmani-roumaissa/ros2_coach_ws/install/coach_interfaces/include/coach_interfaces/coach_interfaces
-- Up-to-date: /home/athmani-roumaissa/ros2_coach_ws/install/coach_interfaces/include/coach_interfaces/coach_interfaces/msg
-- Up-to-date: /home/athmani-roumaissa/ros2_coach_ws/install/coach_interfaces/include/coach_interfaces/coach_interfaces/msg/exercise_conditions.hpp
-- Up-to-date: /home/athmani-roumaissa/ros2_coach_ws/install/coach_interfaces/include/coach_interfaces/coach_interfaces/msg/rep_result.hpp
-- Up-to-date: /home/athmani-roumaissa/ros2_coach_ws/install/coach_interfaces/include/coach_interfaces/coach_interfaces/msg/rosidl_generator_cpp__visibility_control.hpp
-- Up-to-date: /home/athmani-roumaissa/ros2_coach_ws/install/coach_interfaces/include/coach_interfaces/coach_interfaces/msg/detail
-- Up-to-date: /home/athmani-roumaissa/ros2_coach_ws/install/coach_interfaces/include/coach_interfaces/coach_interfaces/msg/detail/exercise_conditions__type_support.hpp
-- Up-to-date: /home/athmani-roumaissa/ros2_coach_ws/install/coach_interfaces/include/coach_interfaces/coach_interfaces/msg/detail/exercise_conditions__struct.hpp
-- Up-to-date: /home/athmani-roumaissa/ros2_coach_ws/install/coach_interfaces/include/coach_interfaces/coach_interfaces/msg/detail/exercise_conditions__traits.hpp
-- Up-to-date: /home/athmani-roumaissa/ros2_coach_ws/install/coach_interfaces/include/coach_interfaces/coach_interfaces/msg/detail/rep_result__builder.hpp
-- Up-to-date: /home/athmani-roumaissa/ros2_coach_ws/install/coach_interfaces/include/coach_interfaces/coach_interfaces/msg/detail/exercise_conditions__builder.hpp
-- Up-to-date: /home/athmani-roumaissa/ros2_coach_ws/install/coach_interfaces/include/coach_interfaces/coach_interfaces/msg/detail/rep_result__type_support.hpp
-- Up-to-date: /home/athmani-roumaissa/ros2_coach_ws/install/coach_interfaces/include/coach_interfaces/coach_interfaces/msg/detail/rep_result__struct.hpp
-- Up-to-date: /home/athmani-roumaissa/ros2_coach_ws/install/coach_interfaces/include/coach_interfaces/coach_interfaces/msg/detail/rep_result__traits.hpp
-- Up-to-date: /home/athmani-roumaissa/ros2_coach_ws/install/coach_interfaces/include/coach_interfaces/coach_interfaces
-- Up-to-date: /home/athmani-roumaissa/ros2_coach_ws/install/coach_interfaces/include/coach_interfaces/coach_interfaces/msg
-- Up-to-date: /home/athmani-roumaissa/ros2_coach_ws/install/coach_interfaces/include/coach_interfaces/coach_interfaces/msg/rosidl_typesupport_fastrtps_cpp__visibility_control.h
-- Up-to-date: /home/athmani-roumaissa/ros2_coach_ws/install/coach_interfaces/include/coach_interfaces/coach_interfaces/msg/detail
-- Up-to-date: /home/athmani-roumaissa/ros2_coach_ws/install/coach_interfaces/include/coach_interfaces/coach_interfaces/msg/detail/dds_fastrtps
-- Up-to-date: /home/athmani-roumaissa/ros2_coach_ws/install/coach_interfaces/include/coach_interfaces/coach_interfaces/msg/detail/exercise_conditions__rosidl_typesupport_fastrtps_cpp.hpp
-- Up-to-date: /home/athmani-roumaissa/ros2_coach_ws/install/coach_interfaces/include/coach_interfaces/coach_interfaces/msg/detail/rep_result__rosidl_typesupport_fastrtps_cpp.hpp
-- Up-to-date: /home/athmani-roumaissa/ros2_coach_ws/install/coach_interfaces/lib/libcoach_interfaces__rosidl_typesupport_fastrtps_cpp.so
-- Up-to-date: /home/athmani-roumaissa/ros2_coach_ws/install/coach_interfaces/include/coach_interfaces/coach_interfaces
-- Up-to-date: /home/athmani-roumaissa/ros2_coach_ws/install/coach_interfaces/include/coach_interfaces/coach_interfaces/msg
-- Up-to-date: /home/athmani-roumaissa/ros2_coach_ws/install/coach_interfaces/include/coach_interfaces/coach_interfaces/msg/detail
-- Up-to-date: /home/athmani-roumaissa/ros2_coach_ws/install/coach_interfaces/include/coach_interfaces/coach_interfaces/msg/detail/exercise_conditions__rosidl_typesupport_introspection_cpp.hpp
-- Up-to-date: /home/athmani-roumaissa/ros2_coach_ws/install/coach_interfaces/include/coach_interfaces/coach_interfaces/msg/detail/rep_result__rosidl_typesupport_introspection_cpp.hpp
-- Up-to-date: /home/athmani-roumaissa/ros2_coach_ws/install/coach_interfaces/include/coach_interfaces/coach_interfaces/msg/detail/exercise_conditions__type_support.cpp
-- Up-to-date: /home/athmani-roumaissa/ros2_coach_ws/install/coach_interfaces/include/coach_interfaces/coach_interfaces/msg/detail/rep_result__type_support.cpp
-- Up-to-date: /home/athmani-roumaissa/ros2_coach_ws/install/coach_interfaces/lib/libcoach_interfaces__rosidl_typesupport_introspection_cpp.so
-- Up-to-date: /home/athmani-roumaissa/ros2_coach_ws/install/coach_interfaces/lib/libcoach_interfaces__rosidl_typesupport_cpp.so
-- Up-to-date: /home/athmani-roumaissa/ros2_coach_ws/install/coach_interfaces/share/coach_interfaces/environment/pythonpath.sh
-- Up-to-date: /home/athmani-roumaissa/ros2_coach_ws/install/coach_interfaces/share/coach_interfaces/environment/pythonpath.dsv
-- Up-to-date: /home/athmani-roumaissa/ros2_coach_ws/install/coach_interfaces/lib/python3.12/site-packages/coach_interfaces-0.1.0-py3.12.egg-info
-- Installing: /home/athmani-roumaissa/ros2_coach_ws/install/coach_interfaces/lib/python3.12/site-packages/coach_interfaces-0.1.0-py3.12.egg-info/dependency_links.txt
-- Installing: /home/athmani-roumaissa/ros2_coach_ws/install/coach_interfaces/lib/python3.12/site-packages/coach_interfaces-0.1.0-py3.12.egg-info/PKG-INFO
-- Installing: /home/athmani-roumaissa/ros2_coach_ws/install/coach_interfaces/lib/python3.12/site-packages/coach_interfaces-0.1.0-py3.12.egg-info/SOURCES.txt
-- Installing: /home/athmani-roumaissa/ros2_coach_ws/install/coach_interfaces/lib/python3.12/site-packages/coach_interfaces-0.1.0-py3.12.egg-info/top_level.txt
-- Up-to-date: /home/athmani-roumaissa/ros2_coach_ws/install/coach_interfaces/lib/python3.12/site-packages/coach_interfaces
-- Up-to-date: /home/athmani-roumaissa/ros2_coach_ws/install/coach_interfaces/lib/python3.12/site-packages/coach_interfaces/__init__.py
-- Up-to-date: /home/athmani-roumaissa/ros2_coach_ws/install/coach_interfaces/lib/python3.12/site-packages/coach_interfaces/_coach_interfaces_s.ep.rosidl_typesupport_c.c
-- Up-to-date: /home/athmani-roumaissa/ros2_coach_ws/install/coach_interfaces/lib/python3.12/site-packages/coach_interfaces/coach_interfaces_s__rosidl_typesupport_fastrtps_c.so
-- Up-to-date: /home/athmani-roumaissa/ros2_coach_ws/install/coach_interfaces/lib/python3.12/site-packages/coach_interfaces/msg
-- Up-to-date: /home/athmani-roumaissa/ros2_coach_ws/install/coach_interfaces/lib/python3.12/site-packages/coach_interfaces/msg/_rep_result.py
-- Up-to-date: /home/athmani-roumaissa/ros2_coach_ws/install/coach_interfaces/lib/python3.12/site-packages/coach_interfaces/msg/__init__.py
-- Up-to-date: /home/athmani-roumaissa/ros2_coach_ws/install/coach_interfaces/lib/python3.12/site-packages/coach_interfaces/msg/_exercise_conditions_s.c
-- Up-to-date: /home/athmani-roumaissa/ros2_coach_ws/install/coach_interfaces/lib/python3.12/site-packages/coach_interfaces/msg/_rep_result_s.c
-- Up-to-date: /home/athmani-roumaissa/ros2_coach_ws/install/coach_interfaces/lib/python3.12/site-packages/coach_interfaces/msg/_exercise_conditions.py
-- Up-to-date: /home/athmani-roumaissa/ros2_coach_ws/install/coach_interfaces/lib/python3.12/site-packages/coach_interfaces/_coach_interfaces_s.ep.rosidl_typesupport_fastrtps_c.c
-- Up-to-date: /home/athmani-roumaissa/ros2_coach_ws/install/coach_interfaces/lib/python3.12/site-packages/coach_interfaces/coach_interfaces_s__rosidl_typesupport_introspection_c.so
-- Up-to-date: /home/athmani-roumaissa/ros2_coach_ws/install/coach_interfaces/lib/python3.12/site-packages/coach_interfaces/_coach_interfaces_s.ep.rosidl_typesupport_introspection_c.c
-- Up-to-date: /home/athmani-roumaissa/ros2_coach_ws/install/coach_interfaces/lib/python3.12/site-packages/coach_interfaces/coach_interfaces_s__rosidl_typesupport_c.so
Listing '/home/athmani-roumaissa/ros2_coach_ws/install/coach_interfaces/lib/python3.12/site-packages/coach_interfaces'...
Listing '/home/athmani-roumaissa/ros2_coach_ws/install/coach_interfaces/lib/python3.12/site-packages/coach_interfaces/msg'...
-- Up-to-date: /home/athmani-roumaissa/ros2_coach_ws/install/coach_interfaces/lib/python3.12/site-packages/coach_interfaces/coach_interfaces_s__rosidl_typesupport_fastrtps_c.so
-- Up-to-date: /home/athmani-roumaissa/ros2_coach_ws/install/coach_interfaces/lib/python3.12/site-packages/coach_interfaces/coach_interfaces_s__rosidl_typesupport_introspection_c.so
-- Up-to-date: /home/athmani-roumaissa/ros2_coach_ws/install/coach_interfaces/lib/python3.12/site-packages/coach_interfaces/coach_interfaces_s__rosidl_typesupport_c.so
-- Up-to-date: /home/athmani-roumaissa/ros2_coach_ws/install/coach_interfaces/lib/libcoach_interfaces__rosidl_generator_py.so
-- Up-to-date: /home/athmani-roumaissa/ros2_coach_ws/install/coach_interfaces/share/ament_index/resource_index/rust_packages/coach_interfaces
-- Up-to-date: /home/athmani-roumaissa/ros2_coach_ws/install/coach_interfaces/share/coach_interfaces/rust
-- Up-to-date: /home/athmani-roumaissa/ros2_coach_ws/install/coach_interfaces/share/coach_interfaces/rust/Cargo.toml
-- Up-to-date: /home/athmani-roumaissa/ros2_coach_ws/install/coach_interfaces/share/coach_interfaces/rust/src
-- Up-to-date: /home/athmani-roumaissa/ros2_coach_ws/install/coach_interfaces/share/coach_interfaces/rust/src/lib.rs
-- Up-to-date: /home/athmani-roumaissa/ros2_coach_ws/install/coach_interfaces/share/coach_interfaces/rust/src/msg
-- Up-to-date: /home/athmani-roumaissa/ros2_coach_ws/install/coach_interfaces/share/coach_interfaces/rust/src/msg/rmw.rs
-- Up-to-date: /home/athmani-roumaissa/ros2_coach_ws/install/coach_interfaces/share/coach_interfaces/rust/src/msg.rs
-- Up-to-date: /home/athmani-roumaissa/ros2_coach_ws/install/coach_interfaces/share/coach_interfaces/rust/build.rs
-- Up-to-date: /home/athmani-roumaissa/ros2_coach_ws/install/coach_interfaces/share/coach_interfaces/msg/ExerciseConditions.idl
-- Up-to-date: /home/athmani-roumaissa/ros2_coach_ws/install/coach_interfaces/share/coach_interfaces/msg/RepResult.idl
-- Up-to-date: /home/athmani-roumaissa/ros2_coach_ws/install/coach_interfaces/share/coach_interfaces/msg/ExerciseConditions.msg
-- Up-to-date: /home/athmani-roumaissa/ros2_coach_ws/install/coach_interfaces/share/coach_interfaces/msg/RepResult.msg
-- Up-to-date: /home/athmani-roumaissa/ros2_coach_ws/install/coach_interfaces/share/ament_index/resource_index/package_run_dependencies/coach_interfaces
-- Up-to-date: /home/athmani-roumaissa/ros2_coach_ws/install/coach_interfaces/share/ament_index/resource_index/parent_prefix_path/coach_interfaces
-- Up-to-date: /home/athmani-roumaissa/ros2_coach_ws/install/coach_interfaces/share/coach_interfaces/environment/ament_prefix_path.sh
-- Up-to-date: /home/athmani-roumaissa/ros2_coach_ws/install/coach_interfaces/share/coach_interfaces/environment/ament_prefix_path.dsv
-- Up-to-date: /home/athmani-roumaissa/ros2_coach_ws/install/coach_interfaces/share/coach_interfaces/environment/path.sh
-- Up-to-date: /home/athmani-roumaissa/ros2_coach_ws/install/coach_interfaces/share/coach_interfaces/environment/path.dsv
-- Up-to-date: /home/athmani-roumaissa/ros2_coach_ws/install/coach_interfaces/share/coach_interfaces/local_setup.bash
-- Up-to-date: /home/athmani-roumaissa/ros2_coach_ws/install/coach_interfaces/share/coach_interfaces/local_setup.sh
-- Up-to-date: /home/athmani-roumaissa/ros2_coach_ws/install/coach_interfaces/share/coach_interfaces/local_setup.zsh
-- Up-to-date: /home/athmani-roumaissa/ros2_coach_ws/install/coach_interfaces/share/coach_interfaces/local_setup.dsv
-- Installing: /home/athmani-roumaissa/ros2_coach_ws/install/coach_interfaces/share/coach_interfaces/package.dsv
-- Up-to-date: /home/athmani-roumaissa/ros2_coach_ws/install/coach_interfaces/share/ament_index/resource_index/packages/coach_interfaces
-- Up-to-date: /home/athmani-roumaissa/ros2_coach_ws/install/coach_interfaces/share/coach_interfaces/cmake/export_coach_interfaces__rosidl_generator_cExport.cmake
-- Up-to-date: /home/athmani-roumaissa/ros2_coach_ws/install/coach_interfaces/share/coach_interfaces/cmake/export_coach_interfaces__rosidl_generator_cExport-noconfig.cmake
-- Up-to-date: /home/athmani-roumaissa/ros2_coach_ws/install/coach_interfaces/share/coach_interfaces/cmake/export_coach_interfaces__rosidl_typesupport_fastrtps_cExport.cmake
-- Up-to-date: /home/athmani-roumaissa/ros2_coach_ws/install/coach_interfaces/share/coach_interfaces/cmake/export_coach_interfaces__rosidl_typesupport_fastrtps_cExport-noconfig.cmake
-- Up-to-date: /home/athmani-roumaissa/ros2_coach_ws/install/coach_interfaces/share/coach_interfaces/cmake/coach_interfaces__rosidl_typesupport_introspection_cExport.cmake
-- Up-to-date: /home/athmani-roumaissa/ros2_coach_ws/install/coach_interfaces/share/coach_interfaces/cmake/coach_interfaces__rosidl_typesupport_introspection_cExport-noconfig.cmake
-- Up-to-date: /home/athmani-roumaissa/ros2_coach_ws/install/coach_interfaces/share/coach_interfaces/cmake/coach_interfaces__rosidl_typesupport_cExport.cmake
-- Up-to-date: /home/athmani-roumaissa/ros2_coach_ws/install/coach_interfaces/share/coach_interfaces/cmake/coach_interfaces__rosidl_typesupport_cExport-noconfig.cmake
-- Up-to-date: /home/athmani-roumaissa/ros2_coach_ws/install/coach_interfaces/share/coach_interfaces/cmake/export_coach_interfaces__rosidl_generator_cppExport.cmake
-- Up-to-date: /home/athmani-roumaissa/ros2_coach_ws/install/coach_interfaces/share/coach_interfaces/cmake/export_coach_interfaces__rosidl_typesupport_fastrtps_cppExport.cmake
-- Up-to-date: /home/athmani-roumaissa/ros2_coach_ws/install/coach_interfaces/share/coach_interfaces/cmake/export_coach_interfaces__rosidl_typesupport_fastrtps_cppExport-noconfig.cmake
-- Up-to-date: /home/athmani-roumaissa/ros2_coach_ws/install/coach_interfaces/share/coach_interfaces/cmake/coach_interfaces__rosidl_typesupport_introspection_cppExport.cmake
-- Up-to-date: /home/athmani-roumaissa/ros2_coach_ws/install/coach_interfaces/share/coach_interfaces/cmake/coach_interfaces__rosidl_typesupport_introspection_cppExport-noconfig.cmake
-- Up-to-date: /home/athmani-roumaissa/ros2_coach_ws/install/coach_interfaces/share/coach_interfaces/cmake/coach_interfaces__rosidl_typesupport_cppExport.cmake
-- Up-to-date: /home/athmani-roumaissa/ros2_coach_ws/install/coach_interfaces/share/coach_interfaces/cmake/coach_interfaces__rosidl_typesupport_cppExport-noconfig.cmake
-- Up-to-date: /home/athmani-roumaissa/ros2_coach_ws/install/coach_interfaces/share/coach_interfaces/cmake/export_coach_interfaces__rosidl_generator_pyExport.cmake
-- Up-to-date: /home/athmani-roumaissa/ros2_coach_ws/install/coach_interfaces/share/coach_interfaces/cmake/export_coach_interfaces__rosidl_generator_pyExport-noconfig.cmake
-- Up-to-date: /home/athmani-roumaissa/ros2_coach_ws/install/coach_interfaces/share/coach_interfaces/cmake/rosidl_cmake-extras.cmake
-- Up-to-date: /home/athmani-roumaissa/ros2_coach_ws/install/coach_interfaces/share/coach_interfaces/cmake/ament_cmake_export_dependencies-extras.cmake
-- Up-to-date: /home/athmani-roumaissa/ros2_coach_ws/install/coach_interfaces/share/coach_interfaces/cmake/ament_cmake_export_include_directories-extras.cmake
-- Up-to-date: /home/athmani-roumaissa/ros2_coach_ws/install/coach_interfaces/share/coach_interfaces/cmake/ament_cmake_export_libraries-extras.cmake
-- Up-to-date: /home/athmani-roumaissa/ros2_coach_ws/install/coach_interfaces/share/coach_interfaces/cmake/ament_cmake_export_targets-extras.cmake
-- Up-to-date: /home/athmani-roumaissa/ros2_coach_ws/install/coach_interfaces/share/coach_interfaces/cmake/rosidl_cmake_export_typesupport_targets-extras.cmake
-- Up-to-date: /home/athmani-roumaissa/ros2_coach_ws/install/coach_interfaces/share/coach_interfaces/cmake/rosidl_cmake_export_typesupport_libraries-extras.cmake
-- Up-to-date: /home/athmani-roumaissa/ros2_coach_ws/install/coach_interfaces/share/coach_interfaces/cmake/coach_interfacesConfig.cmake
-- Up-to-date: /home/athmani-roumaissa/ros2_coach_ws/install/coach_interfaces/share/coach_interfaces/cmake/coach_interfacesConfig-version.cmake
-- Up-to-date: /home/athmani-roumaissa/ros2_coach_ws/install/coach_interfaces/share/coach_interfaces/package.xml
