[2.903s] Invoking command in '/home/athmani-roumaissa/ros2_coach_ws/build/coach_interfaces': DEBUGINFOD_URLS=https://debuginfod.ubuntu.com PS1=\[\e]0;\u@\h: \w\a\]${debian_chroot:+($debian_chroot)}\[\033[01;32m\]\u@\h\[\033[00m\]:\[\033[01;34m\]\w\[\033[00m\]\$ /usr/bin/cmake --build /home/athmani-roumaissa/ros2_coach_ws/build/coach_interfaces -- -j4 -l4
[3.548s] [  2%] Built target coach_interfaces__rosidl_generator_type_description
[3.884s] [  2%] Built target ament_cmake_python_copy_coach_interfaces
[4.176s] [  4%] Built target coach_interfaces__cpp
[6.376s] running egg_info
[6.592s] writing coach_interfaces.egg-info/PKG-INFO
[6.594s] writing dependency_links to coach_interfaces.egg-info/dependency_links.txt
[6.601s] writing top-level names to coach_interfaces.egg-info/top_level.txt
[7.196s] reading manifest file 'coach_interfaces.egg-info/SOURCES.txt'
[7.199s] writing manifest file 'coach_interfaces.egg-info/SOURCES.txt'
[7.363s] [  4%] Built target ament_cmake_python_build_coach_interfaces_egg
[7.704s] [ 22%] Built target coach_interfaces__rosidl_generator_c
[8.020s] [ 24%] Built target coach_interfaces__rs
[8.435s] [ 33%] Built target coach_interfaces__rosidl_typesupport_fastrtps_cpp
[8.702s] [ 42%] Built target coach_interfaces__rosidl_typesupport_introspection_cpp
[8.977s] [ 51%] Built target coach_interfaces__rosidl_typesupport_cpp
[9.298s] [ 60%] Built target coach_interfaces__rosidl_typesupport_fastrtps_c
[9.613s] [ 68%] Built target coach_interfaces__rosidl_typesupport_c
[9.917s] [ 77%] Built target coach_interfaces__rosidl_typesupport_introspection_c
[10.136s] [ 77%] Built target coach_interfaces
[10.372s] [ 80%] Built target coach_interfaces__py
[10.715s] [ 86%] Built target coach_interfaces__rosidl_generator_py
[10.946s] [ 91%] Built target coach_interfaces_s__rosidl_typesupport_fastrtps_c
[11.175s] [ 95%] Built target coach_interfaces_s__rosidl_typesupport_c
[11.389s] [100%] Built target coach_interfaces_s__rosidl_typesupport_introspection_c
[11.478s] Invoked command in '/home/athmani-roumaissa/ros2_coach_ws/build/coach_interfaces' returned '0': DEBUGINFOD_URLS=https://debuginfod.ubuntu.com PS1=\[\e]0;\u@\h: \w\a\]${debian_chroot:+($debian_chroot)}\[\033[01;32m\]\u@\h\[\033[00m\]:\[\033[01;34m\]\w\[\033[00m\]\$ /usr/bin/cmake --build /home/athmani-roumaissa/ros2_coach_ws/build/coach_interfaces -- -j4 -l4
[11.485s] Invoking command in '/home/athmani-roumaissa/ros2_coach_ws/build/coach_interfaces': DEBUGINFOD_URLS=https://debuginfod.ubuntu.com PS1=\[\e]0;\u@\h: \w\a\]${debian_chroot:+($debian_chroot)}\[\033[01;32m\]\u@\h\[\033[00m\]:\[\033[01;34m\]\w\[\033[00m\]\$ /usr/bin/cmake --install /home/athmani-roumaissa/ros2_coach_ws/build/coach_interfaces
[11.557s] -- Install configuration: ""
[11.562s] -- Up-to-date: /home/athmani-roumaissa/ros2_coach_ws/install/coach_interfaces/share/ament_index/resource_index/rosidl_interfaces/coach_interfaces
[11.563s] -- Up-to-date: /home/athmani-roumaissa/ros2_coach_ws/install/coach_interfaces/share/coach_interfaces/msg/ExerciseConditions.json
[11.567s] -- Up-to-date: /home/athmani-roumaissa/ros2_coach_ws/install/coach_interfaces/share/coach_interfaces/msg/RepResult.json
[11.567s] -- Up-to-date: /home/athmani-roumaissa/ros2_coach_ws/install/coach_interfaces/include/coach_interfaces/coach_interfaces
[11.569s] -- Up-to-date: /home/athmani-roumaissa/ros2_coach_ws/install/coach_interfaces/include/coach_interfaces/coach_interfaces/msg
[11.571s] -- Up-to-date: /home/athmani-roumaissa/ros2_coach_ws/install/coach_interfaces/include/coach_interfaces/coach_interfaces/msg/rosidl_generator_c__visibility_control.h
[11.571s] -- Up-to-date: /home/athmani-roumaissa/ros2_coach_ws/install/coach_interfaces/include/coach_interfaces/coach_interfaces/msg/rep_result.h
[11.574s] -- Up-to-date: /home/athmani-roumaissa/ros2_coach_ws/install/coach_interfaces/include/coach_interfaces/coach_interfaces/msg/detail
[11.577s] -- Up-to-date: /home/athmani-roumaissa/ros2_coach_ws/install/coach_interfaces/include/coach_interfaces/coach_interfaces/msg/detail/exercise_conditions__functions.h
[11.578s] -- Installing: /home/athmani-roumaissa/ros2_coach_ws/install/coach_interfaces/include/coach_interfaces/coach_interfaces/msg/detail/exercise_conditions__type_support.c
[11.579s] -- Up-to-date: /home/athmani-roumaissa/ros2_coach_ws/install/coach_interfaces/include/coach_interfaces/coach_interfaces/msg/detail/exercise_conditions__type_support.h
[11.587s] -- Up-to-date: /home/athmani-roumaissa/ros2_coach_ws/install/coach_interfaces/include/coach_interfaces/coach_interfaces/msg/detail/exercise_conditions__description.c
[11.590s] -- Up-to-date: /home/athmani-roumaissa/ros2_coach_ws/install/coach_interfaces/include/coach_interfaces/coach_interfaces/msg/detail/exercise_conditions__struct.h
[11.591s] -- Up-to-date: /home/athmani-roumaissa/ros2_coach_ws/install/coach_interfaces/include/coach_interfaces/coach_interfaces/msg/detail/rep_result__type_support.h
[11.592s] -- Up-to-date: /home/athmani-roumaissa/ros2_coach_ws/install/coach_interfaces/include/coach_interfaces/coach_interfaces/msg/detail/rep_result__description.c
[11.598s] -- Up-to-date: /home/athmani-roumaissa/ros2_coach_ws/install/coach_interfaces/include/coach_interfaces/coach_interfaces/msg/detail/rep_result__functions.c
[11.599s] -- Up-to-date: /home/athmani-roumaissa/ros2_coach_ws/install/coach_interfaces/include/coach_interfaces/coach_interfaces/msg/detail/rep_result__functions.h
[11.600s] -- Up-to-date: /home/athmani-roumaissa/ros2_coach_ws/install/coach_interfaces/include/coach_interfaces/coach_interfaces/msg/detail/rep_result__struct.h
[11.601s] -- Up-to-date: /home/athmani-roumaissa/ros2_coach_ws/install/coach_interfaces/include/coach_interfaces/coach_interfaces/msg/detail/exercise_conditions__functions.c
[11.604s] -- Up-to-date: /home/athmani-roumaissa/ros2_coach_ws/install/coach_interfaces/include/coach_interfaces/coach_interfaces/msg/detail/rep_result__type_support.c
[11.605s] -- Up-to-date: /home/athmani-roumaissa/ros2_coach_ws/install/coach_interfaces/include/coach_interfaces/coach_interfaces/msg/exercise_conditions.h
[11.606s] -- Up-to-date: /home/athmani-roumaissa/ros2_coach_ws/install/coach_interfaces/share/coach_interfaces/environment/library_path.sh
[11.616s] -- Up-to-date: /home/athmani-roumaissa/ros2_coach_ws/install/coach_interfaces/share/coach_interfaces/environment/library_path.dsv
[11.616s] -- Up-to-date: /home/athmani-roumaissa/ros2_coach_ws/install/coach_interfaces/lib/libcoach_interfaces__rosidl_generator_c.so
[11.617s] -- Up-to-date: /home/athmani-roumaissa/ros2_coach_ws/install/coach_interfaces/include/coach_interfaces/coach_interfaces
[11.618s] -- Up-to-date: /home/athmani-roumaissa/ros2_coach_ws/install/coach_interfaces/include/coach_interfaces/coach_interfaces/msg
[11.624s] -- Up-to-date: /home/athmani-roumaissa/ros2_coach_ws/install/coach_interfaces/include/coach_interfaces/coach_interfaces/msg/rosidl_typesupport_fastrtps_c__visibility_control.h
[11.625s] -- Up-to-date: /home/athmani-roumaissa/ros2_coach_ws/install/coach_interfaces/include/coach_interfaces/coach_interfaces/msg/detail
[11.625s] -- Up-to-date: /home/athmani-roumaissa/ros2_coach_ws/install/coach_interfaces/include/coach_interfaces/coach_interfaces/msg/detail/exercise_conditions__rosidl_typesupport_fastrtps_c.h
[11.626s] -- Up-to-date: /home/athmani-roumaissa/ros2_coach_ws/install/coach_interfaces/include/coach_interfaces/coach_interfaces/msg/detail/rep_result__rosidl_typesupport_fastrtps_c.h
[11.627s] -- Up-to-date: /home/athmani-roumaissa/ros2_coach_ws/install/coach_interfaces/lib/libcoach_interfaces__rosidl_typesupport_fastrtps_c.so
[11.641s] -- Up-to-date: /home/athmani-roumaissa/ros2_coach_ws/install/coach_interfaces/include/coach_interfaces/coach_interfaces
[11.641s] -- Up-to-date: /home/athmani-roumaissa/ros2_coach_ws/install/coach_interfaces/include/coach_interfaces/coach_interfaces/msg
[11.646s] -- Up-to-date: /home/athmani-roumaissa/ros2_coach_ws/install/coach_interfaces/include/coach_interfaces/coach_interfaces/msg/rosidl_typesupport_introspection_c__visibility_control.h
[11.652s] -- Up-to-date: /home/athmani-roumaissa/ros2_coach_ws/install/coach_interfaces/include/coach_interfaces/coach_interfaces/msg/detail
[11.653s] -- Installing: /home/athmani-roumaissa/ros2_coach_ws/install/coach_interfaces/include/coach_interfaces/coach_interfaces/msg/detail/exercise_conditions__type_support.c
[11.654s] -- Up-to-date: /home/athmani-roumaissa/ros2_coach_ws/install/coach_interfaces/include/coach_interfaces/coach_interfaces/msg/detail/exercise_conditions__rosidl_typesupport_introspection_c.h
[11.654s] -- Up-to-date: /home/athmani-roumaissa/ros2_coach_ws/install/coach_interfaces/include/coach_interfaces/coach_interfaces/msg/detail/rep_result__rosidl_typesupport_introspection_c.h
[11.657s] -- Up-to-date: /home/athmani-roumaissa/ros2_coach_ws/install/coach_interfaces/include/coach_interfaces/coach_interfaces/msg/detail/rep_result__type_support.c
[11.658s] -- Up-to-date: /home/athmani-roumaissa/ros2_coach_ws/install/coach_interfaces/lib/libcoach_interfaces__rosidl_typesupport_introspection_c.so
[11.660s] -- Up-to-date: /home/athmani-roumaissa/ros2_coach_ws/install/coach_interfaces/lib/libcoach_interfaces__rosidl_typesupport_c.so
[11.660s] -- Up-to-date: /home/athmani-roumaissa/ros2_coach_ws/install/coach_interfaces/include/coach_interfaces/coach_interfaces
[11.661s] -- Up-to-date: /home/athmani-roumaissa/ros2_coach_ws/install/coach_interfaces/include/coach_interfaces/coach_interfaces/msg
[11.661s] -- Up-to-date: /home/athmani-roumaissa/ros2_coach_ws/install/coach_interfaces/include/coach_interfaces/coach_interfaces/msg/exercise_conditions.hpp
[11.662s] -- Up-to-date: /home/athmani-roumaissa/ros2_coach_ws/install/coach_interfaces/include/coach_interfaces/coach_interfaces/msg/rep_result.hpp
[11.663s] -- Up-to-date: /home/athmani-roumaissa/ros2_coach_ws/install/coach_interfaces/include/coach_interfaces/coach_interfaces/msg/rosidl_generator_cpp__visibility_control.hpp
[11.664s] -- Up-to-date: /home/athmani-roumaissa/ros2_coach_ws/install/coach_interfaces/include/coach_interfaces/coach_interfaces/msg/detail
[11.665s] -- Up-to-date: /home/athmani-roumaissa/ros2_coach_ws/install/coach_interfaces/include/coach_interfaces/coach_interfaces/msg/detail/exercise_conditions__type_support.hpp
[11.666s] -- Up-to-date: /home/athmani-roumaissa/ros2_coach_ws/install/coach_interfaces/include/coach_interfaces/coach_interfaces/msg/detail/exercise_conditions__struct.hpp
[11.666s] -- Up-to-date: /home/athmani-roumaissa/ros2_coach_ws/install/coach_interfaces/include/coach_interfaces/coach_interfaces/msg/detail/exercise_conditions__traits.hpp
[11.667s] -- Up-to-date: /home/athmani-roumaissa/ros2_coach_ws/install/coach_interfaces/include/coach_interfaces/coach_interfaces/msg/detail/rep_result__builder.hpp
[11.667s] -- Up-to-date: /home/athmani-roumaissa/ros2_coach_ws/install/coach_interfaces/include/coach_interfaces/coach_interfaces/msg/detail/exercise_conditions__builder.hpp
[11.668s] -- Up-to-date: /home/athmani-roumaissa/ros2_coach_ws/install/coach_interfaces/include/coach_interfaces/coach_interfaces/msg/detail/rep_result__type_support.hpp
[11.668s] -- Up-to-date: /home/athmani-roumaissa/ros2_coach_ws/install/coach_interfaces/include/coach_interfaces/coach_interfaces/msg/detail/rep_result__struct.hpp
[11.669s] -- Up-to-date: /home/athmani-roumaissa/ros2_coach_ws/install/coach_interfaces/include/coach_interfaces/coach_interfaces/msg/detail/rep_result__traits.hpp
[11.670s] -- Up-to-date: /home/athmani-roumaissa/ros2_coach_ws/install/coach_interfaces/include/coach_interfaces/coach_interfaces
[11.670s] -- Up-to-date: /home/athmani-roumaissa/ros2_coach_ws/install/coach_interfaces/include/coach_interfaces/coach_interfaces/msg
[11.671s] -- Up-to-date: /home/athmani-roumaissa/ros2_coach_ws/install/coach_interfaces/include/coach_interfaces/coach_interfaces/msg/rosidl_typesupport_fastrtps_cpp__visibility_control.h
[11.672s] -- Up-to-date: /home/athmani-roumaissa/ros2_coach_ws/install/coach_interfaces/include/coach_interfaces/coach_interfaces/msg/detail
[11.674s] -- Up-to-date: /home/athmani-roumaissa/ros2_coach_ws/install/coach_interfaces/include/coach_interfaces/coach_interfaces/msg/detail/dds_fastrtps
[11.674s] -- Up-to-date: /home/athmani-roumaissa/ros2_coach_ws/install/coach_interfaces/include/coach_interfaces/coach_interfaces/msg/detail/exercise_conditions__rosidl_typesupport_fastrtps_cpp.hpp
[11.678s] -- Up-to-date: /home/athmani-roumaissa/ros2_coach_ws/install/coach_interfaces/include/coach_interfaces/coach_interfaces/msg/detail/rep_result__rosidl_typesupport_fastrtps_cpp.hpp
[11.679s] -- Up-to-date: /home/athmani-roumaissa/ros2_coach_ws/install/coach_interfaces/lib/libcoach_interfaces__rosidl_typesupport_fastrtps_cpp.so
[11.686s] -- Up-to-date: /home/athmani-roumaissa/ros2_coach_ws/install/coach_interfaces/include/coach_interfaces/coach_interfaces
[11.687s] -- Up-to-date: /home/athmani-roumaissa/ros2_coach_ws/install/coach_interfaces/include/coach_interfaces/coach_interfaces/msg
[11.688s] -- Up-to-date: /home/athmani-roumaissa/ros2_coach_ws/install/coach_interfaces/include/coach_interfaces/coach_interfaces/msg/detail
[11.689s] -- Up-to-date: /home/athmani-roumaissa/ros2_coach_ws/install/coach_interfaces/include/coach_interfaces/coach_interfaces/msg/detail/exercise_conditions__rosidl_typesupport_introspection_cpp.hpp
[11.689s] -- Up-to-date: /home/athmani-roumaissa/ros2_coach_ws/install/coach_interfaces/include/coach_interfaces/coach_interfaces/msg/detail/rep_result__rosidl_typesupport_introspection_cpp.hpp
[11.690s] -- Up-to-date: /home/athmani-roumaissa/ros2_coach_ws/install/coach_interfaces/include/coach_interfaces/coach_interfaces/msg/detail/exercise_conditions__type_support.cpp
[11.694s] -- Up-to-date: /home/athmani-roumaissa/ros2_coach_ws/install/coach_interfaces/include/coach_interfaces/coach_interfaces/msg/detail/rep_result__type_support.cpp
[11.698s] -- Up-to-date: /home/athmani-roumaissa/ros2_coach_ws/install/coach_interfaces/lib/libcoach_interfaces__rosidl_typesupport_introspection_cpp.so
[11.699s] -- Up-to-date: /home/athmani-roumaissa/ros2_coach_ws/install/coach_interfaces/lib/libcoach_interfaces__rosidl_typesupport_cpp.so
[11.703s] -- Up-to-date: /home/athmani-roumaissa/ros2_coach_ws/install/coach_interfaces/share/coach_interfaces/environment/pythonpath.sh
[11.710s] -- Up-to-date: /home/athmani-roumaissa/ros2_coach_ws/install/coach_interfaces/share/coach_interfaces/environment/pythonpath.dsv
[11.714s] -- Up-to-date: /home/athmani-roumaissa/ros2_coach_ws/install/coach_interfaces/lib/python3.12/site-packages/coach_interfaces-0.1.0-py3.12.egg-info
[11.715s] -- Installing: /home/athmani-roumaissa/ros2_coach_ws/install/coach_interfaces/lib/python3.12/site-packages/coach_interfaces-0.1.0-py3.12.egg-info/dependency_links.txt
[11.715s] -- Installing: /home/athmani-roumaissa/ros2_coach_ws/install/coach_interfaces/lib/python3.12/site-packages/coach_interfaces-0.1.0-py3.12.egg-info/PKG-INFO
[11.716s] -- Installing: /home/athmani-roumaissa/ros2_coach_ws/install/coach_interfaces/lib/python3.12/site-packages/coach_interfaces-0.1.0-py3.12.egg-info/SOURCES.txt
[11.723s] -- Installing: /home/athmani-roumaissa/ros2_coach_ws/install/coach_interfaces/lib/python3.12/site-packages/coach_interfaces-0.1.0-py3.12.egg-info/top_level.txt
[11.725s] -- Up-to-date: /home/athmani-roumaissa/ros2_coach_ws/install/coach_interfaces/lib/python3.12/site-packages/coach_interfaces
[11.729s] -- Up-to-date: /home/athmani-roumaissa/ros2_coach_ws/install/coach_interfaces/lib/python3.12/site-packages/coach_interfaces/__init__.py
[11.743s] -- Up-to-date: /home/athmani-roumaissa/ros2_coach_ws/install/coach_interfaces/lib/python3.12/site-packages/coach_interfaces/_coach_interfaces_s.ep.rosidl_typesupport_c.c
[11.744s] -- Up-to-date: /home/athmani-roumaissa/ros2_coach_ws/install/coach_interfaces/lib/python3.12/site-packages/coach_interfaces/coach_interfaces_s__rosidl_typesupport_fastrtps_c.so
[11.744s] -- Up-to-date: /home/athmani-roumaissa/ros2_coach_ws/install/coach_interfaces/lib/python3.12/site-packages/coach_interfaces/msg
[11.749s] -- Up-to-date: /home/athmani-roumaissa/ros2_coach_ws/install/coach_interfaces/lib/python3.12/site-packages/coach_interfaces/msg/_rep_result.py
[11.752s] -- Up-to-date: /home/athmani-roumaissa/ros2_coach_ws/install/coach_interfaces/lib/python3.12/site-packages/coach_interfaces/msg/__init__.py
[11.753s] -- Up-to-date: /home/athmani-roumaissa/ros2_coach_ws/install/coach_interfaces/lib/python3.12/site-packages/coach_interfaces/msg/_exercise_conditions_s.c
[11.753s] -- Up-to-date: /home/athmani-roumaissa/ros2_coach_ws/install/coach_interfaces/lib/python3.12/site-packages/coach_interfaces/msg/_rep_result_s.c
[11.754s] -- Up-to-date: /home/athmani-roumaissa/ros2_coach_ws/install/coach_interfaces/lib/python3.12/site-packages/coach_interfaces/msg/_exercise_conditions.py
[11.754s] -- Up-to-date: /home/athmani-roumaissa/ros2_coach_ws/install/coach_interfaces/lib/python3.12/site-packages/coach_interfaces/_coach_interfaces_s.ep.rosidl_typesupport_fastrtps_c.c
[11.759s] -- Up-to-date: /home/athmani-roumaissa/ros2_coach_ws/install/coach_interfaces/lib/python3.12/site-packages/coach_interfaces/coach_interfaces_s__rosidl_typesupport_introspection_c.so
[11.760s] -- Up-to-date: /home/athmani-roumaissa/ros2_coach_ws/install/coach_interfaces/lib/python3.12/site-packages/coach_interfaces/_coach_interfaces_s.ep.rosidl_typesupport_introspection_c.c
[11.761s] -- Up-to-date: /home/athmani-roumaissa/ros2_coach_ws/install/coach_interfaces/lib/python3.12/site-packages/coach_interfaces/coach_interfaces_s__rosidl_typesupport_c.so
[12.151s] Listing '/home/athmani-roumaissa/ros2_coach_ws/install/coach_interfaces/lib/python3.12/site-packages/coach_interfaces'...
[12.152s] Listing '/home/athmani-roumaissa/ros2_coach_ws/install/coach_interfaces/lib/python3.12/site-packages/coach_interfaces/msg'...
[12.210s] -- Up-to-date: /home/athmani-roumaissa/ros2_coach_ws/install/coach_interfaces/lib/python3.12/site-packages/coach_interfaces/coach_interfaces_s__rosidl_typesupport_fastrtps_c.so
[12.216s] -- Up-to-date: /home/athmani-roumaissa/ros2_coach_ws/install/coach_interfaces/lib/python3.12/site-packages/coach_interfaces/coach_interfaces_s__rosidl_typesupport_introspection_c.so
[12.229s] -- Up-to-date: /home/athmani-roumaissa/ros2_coach_ws/install/coach_interfaces/lib/python3.12/site-packages/coach_interfaces/coach_interfaces_s__rosidl_typesupport_c.so
[12.235s] -- Up-to-date: /home/athmani-roumaissa/ros2_coach_ws/install/coach_interfaces/lib/libcoach_interfaces__rosidl_generator_py.so
[12.244s] -- Up-to-date: /home/athmani-roumaissa/ros2_coach_ws/install/coach_interfaces/share/ament_index/resource_index/rust_packages/coach_interfaces
[12.249s] -- Up-to-date: /home/athmani-roumaissa/ros2_coach_ws/install/coach_interfaces/share/coach_interfaces/rust
[12.256s] -- Up-to-date: /home/athmani-roumaissa/ros2_coach_ws/install/coach_interfaces/share/coach_interfaces/rust/Cargo.toml
[12.257s] -- Up-to-date: /home/athmani-roumaissa/ros2_coach_ws/install/coach_interfaces/share/coach_interfaces/rust/src
[12.258s] -- Up-to-date: /home/athmani-roumaissa/ros2_coach_ws/install/coach_interfaces/share/coach_interfaces/rust/src/lib.rs
[12.262s] -- Up-to-date: /home/athmani-roumaissa/ros2_coach_ws/install/coach_interfaces/share/coach_interfaces/rust/src/msg
[12.263s] -- Up-to-date: /home/athmani-roumaissa/ros2_coach_ws/install/coach_interfaces/share/coach_interfaces/rust/src/msg/rmw.rs
[12.269s] -- Up-to-date: /home/athmani-roumaissa/ros2_coach_ws/install/coach_interfaces/share/coach_interfaces/rust/src/msg.rs
[12.270s] -- Up-to-date: /home/athmani-roumaissa/ros2_coach_ws/install/coach_interfaces/share/coach_interfaces/rust/build.rs
[12.272s] -- Up-to-date: /home/athmani-roumaissa/ros2_coach_ws/install/coach_interfaces/share/coach_interfaces/msg/ExerciseConditions.idl
[12.276s] -- Up-to-date: /home/athmani-roumaissa/ros2_coach_ws/install/coach_interfaces/share/coach_interfaces/msg/RepResult.idl
[12.277s] -- Up-to-date: /home/athmani-roumaissa/ros2_coach_ws/install/coach_interfaces/share/coach_interfaces/msg/ExerciseConditions.msg
[12.280s] -- Up-to-date: /home/athmani-roumaissa/ros2_coach_ws/install/coach_interfaces/share/coach_interfaces/msg/RepResult.msg
[12.283s] -- Up-to-date: /home/athmani-roumaissa/ros2_coach_ws/install/coach_interfaces/share/ament_index/resource_index/package_run_dependencies/coach_interfaces
[12.284s] -- Up-to-date: /home/athmani-roumaissa/ros2_coach_ws/install/coach_interfaces/share/ament_index/resource_index/parent_prefix_path/coach_interfaces
[12.286s] -- Up-to-date: /home/athmani-roumaissa/ros2_coach_ws/install/coach_interfaces/share/coach_interfaces/environment/ament_prefix_path.sh
[12.287s] -- Up-to-date: /home/athmani-roumaissa/ros2_coach_ws/install/coach_interfaces/share/coach_interfaces/environment/ament_prefix_path.dsv
[12.287s] -- Up-to-date: /home/athmani-roumaissa/ros2_coach_ws/install/coach_interfaces/share/coach_interfaces/environment/path.sh
[12.291s] -- Up-to-date: /home/athmani-roumaissa/ros2_coach_ws/install/coach_interfaces/share/coach_interfaces/environment/path.dsv
[12.292s] -- Up-to-date: /home/athmani-roumaissa/ros2_coach_ws/install/coach_interfaces/share/coach_interfaces/local_setup.bash
[12.292s] -- Up-to-date: /home/athmani-roumaissa/ros2_coach_ws/install/coach_interfaces/share/coach_interfaces/local_setup.sh
[12.296s] -- Up-to-date: /home/athmani-roumaissa/ros2_coach_ws/install/coach_interfaces/share/coach_interfaces/local_setup.zsh
[12.302s] -- Up-to-date: /home/athmani-roumaissa/ros2_coach_ws/install/coach_interfaces/share/coach_interfaces/local_setup.dsv
[12.302s] -- Installing: /home/athmani-roumaissa/ros2_coach_ws/install/coach_interfaces/share/coach_interfaces/package.dsv
[12.305s] -- Up-to-date: /home/athmani-roumaissa/ros2_coach_ws/install/coach_interfaces/share/ament_index/resource_index/packages/coach_interfaces
[12.307s] -- Up-to-date: /home/athmani-roumaissa/ros2_coach_ws/install/coach_interfaces/share/coach_interfaces/cmake/export_coach_interfaces__rosidl_generator_cExport.cmake
[12.308s] -- Up-to-date: /home/athmani-roumaissa/ros2_coach_ws/install/coach_interfaces/share/coach_interfaces/cmake/export_coach_interfaces__rosidl_generator_cExport-noconfig.cmake
[12.328s] -- Up-to-date: /home/athmani-roumaissa/ros2_coach_ws/install/coach_interfaces/share/coach_interfaces/cmake/export_coach_interfaces__rosidl_typesupport_fastrtps_cExport.cmake
[12.328s] -- Up-to-date: /home/athmani-roumaissa/ros2_coach_ws/install/coach_interfaces/share/coach_interfaces/cmake/export_coach_interfaces__rosidl_typesupport_fastrtps_cExport-noconfig.cmake
[12.335s] -- Up-to-date: /home/athmani-roumaissa/ros2_coach_ws/install/coach_interfaces/share/coach_interfaces/cmake/coach_interfaces__rosidl_typesupport_introspection_cExport.cmake
[12.336s] -- Up-to-date: /home/athmani-roumaissa/ros2_coach_ws/install/coach_interfaces/share/coach_interfaces/cmake/coach_interfaces__rosidl_typesupport_introspection_cExport-noconfig.cmake
[12.337s] -- Up-to-date: /home/athmani-roumaissa/ros2_coach_ws/install/coach_interfaces/share/coach_interfaces/cmake/coach_interfaces__rosidl_typesupport_cExport.cmake
[12.337s] -- Up-to-date: /home/athmani-roumaissa/ros2_coach_ws/install/coach_interfaces/share/coach_interfaces/cmake/coach_interfaces__rosidl_typesupport_cExport-noconfig.cmake
[12.338s] -- Up-to-date: /home/athmani-roumaissa/ros2_coach_ws/install/coach_interfaces/share/coach_interfaces/cmake/export_coach_interfaces__rosidl_generator_cppExport.cmake
[12.351s] -- Up-to-date: /home/athmani-roumaissa/ros2_coach_ws/install/coach_interfaces/share/coach_interfaces/cmake/export_coach_interfaces__rosidl_typesupport_fastrtps_cppExport.cmake
[12.356s] -- Up-to-date: /home/athmani-roumaissa/ros2_coach_ws/install/coach_interfaces/share/coach_interfaces/cmake/export_coach_interfaces__rosidl_typesupport_fastrtps_cppExport-noconfig.cmake
[12.361s] -- Up-to-date: /home/athmani-roumaissa/ros2_coach_ws/install/coach_interfaces/share/coach_interfaces/cmake/coach_interfaces__rosidl_typesupport_introspection_cppExport.cmake
[12.362s] -- Up-to-date: /home/athmani-roumaissa/ros2_coach_ws/install/coach_interfaces/share/coach_interfaces/cmake/coach_interfaces__rosidl_typesupport_introspection_cppExport-noconfig.cmake
[12.363s] -- Up-to-date: /home/athmani-roumaissa/ros2_coach_ws/install/coach_interfaces/share/coach_interfaces/cmake/coach_interfaces__rosidl_typesupport_cppExport.cmake
[12.363s] -- Up-to-date: /home/athmani-roumaissa/ros2_coach_ws/install/coach_interfaces/share/coach_interfaces/cmake/coach_interfaces__rosidl_typesupport_cppExport-noconfig.cmake
[12.368s] -- Up-to-date: /home/athmani-roumaissa/ros2_coach_ws/install/coach_interfaces/share/coach_interfaces/cmake/export_coach_interfaces__rosidl_generator_pyExport.cmake
[12.369s] -- Up-to-date: /home/athmani-roumaissa/ros2_coach_ws/install/coach_interfaces/share/coach_interfaces/cmake/export_coach_interfaces__rosidl_generator_pyExport-noconfig.cmake
[12.370s] -- Up-to-date: /home/athmani-roumaissa/ros2_coach_ws/install/coach_interfaces/share/coach_interfaces/cmake/rosidl_cmake-extras.cmake
[12.370s] -- Up-to-date: /home/athmani-roumaissa/ros2_coach_ws/install/coach_interfaces/share/coach_interfaces/cmake/ament_cmake_export_dependencies-extras.cmake
[12.374s] -- Up-to-date: /home/athmani-roumaissa/ros2_coach_ws/install/coach_interfaces/share/coach_interfaces/cmake/ament_cmake_export_include_directories-extras.cmake
[12.375s] -- Up-to-date: /home/athmani-roumaissa/ros2_coach_ws/install/coach_interfaces/share/coach_interfaces/cmake/ament_cmake_export_libraries-extras.cmake
[12.375s] -- Up-to-date: /home/athmani-roumaissa/ros2_coach_ws/install/coach_interfaces/share/coach_interfaces/cmake/ament_cmake_export_targets-extras.cmake
[12.379s] -- Up-to-date: /home/athmani-roumaissa/ros2_coach_ws/install/coach_interfaces/share/coach_interfaces/cmake/rosidl_cmake_export_typesupport_targets-extras.cmake
[12.380s] -- Up-to-date: /home/athmani-roumaissa/ros2_coach_ws/install/coach_interfaces/share/coach_interfaces/cmake/rosidl_cmake_export_typesupport_libraries-extras.cmake
[12.384s] -- Up-to-date: /home/athmani-roumaissa/ros2_coach_ws/install/coach_interfaces/share/coach_interfaces/cmake/coach_interfacesConfig.cmake
[12.385s] -- Up-to-date: /home/athmani-roumaissa/ros2_coach_ws/install/coach_interfaces/share/coach_interfaces/cmake/coach_interfacesConfig-version.cmake
[12.386s] -- Up-to-date: /home/athmani-roumaissa/ros2_coach_ws/install/coach_interfaces/share/coach_interfaces/package.xml
[12.390s] Invoked command in '/home/athmani-roumaissa/ros2_coach_ws/build/coach_interfaces' returned '0': DEBUGINFOD_URLS=https://debuginfod.ubuntu.com PS1=\[\e]0;\u@\h: \w\a\]${debian_chroot:+($debian_chroot)}\[\033[01;32m\]\u@\h\[\033[00m\]:\[\033[01;34m\]\w\[\033[00m\]\$ /usr/bin/cmake --install /home/athmani-roumaissa/ros2_coach_ws/build/coach_interfaces
