[1.209s] Invoking command in '/home/athmani-roumaissa/ros2_coach_ws/build/coach_interfaces': DEBUGINFOD_URLS=https://debuginfod.ubuntu.com PS1=(gym_env) \[\e]0;\u@\h: \w\a\]${debian_chroot:+($debian_chroot)}\[\033[01;32m\]\u@\h\[\033[00m\]:\[\033[01;34m\]\w\[\033[00m\]\$ VIRTUAL_ENV_PROMPT=(gym_env) /usr/bin/cmake /home/athmani-roumaissa/ros2_coach_ws/src/coach_interfaces -DCATKIN_INSTALL_INTO_PREFIX_ROOT=0 -DCATKIN_SYMLINK_INSTALL=ON -DCMAKE_INSTALL_PREFIX=/home/athmani-roumaissa/ros2_coach_ws/install/coach_interfaces
[1.425s] -- The C compiler identification is GNU 13.3.0
[1.655s] -- The CXX compiler identification is GNU 13.3.0
[1.723s] -- Detecting C compiler ABI info
[2.088s] -- Detecting C compiler ABI info - done
[2.136s] -- Check for working C compiler: /usr/bin/cc - skipped
[2.138s] -- Detecting C compile features
[2.141s] -- Detecting C compile features - done
[2.176s] -- Detecting CXX compiler ABI info
[2.531s] -- Detecting CXX compiler ABI info - done
[2.575s] -- Check for working CXX compiler: /usr/bin/c++ - skipped
[2.576s] -- Detecting CXX compile features
[2.579s] -- Detecting CXX compile features - done
[2.595s] -- Found ament_cmake: 2.5.6 (/opt/ros/jazzy/share/ament_cmake/cmake)
[3.031s] -- Found Python3: /home/athmani-roumaissa/ros2_coach_ws/gym_env/bin/python3 (found version "3.12.3") found components: Interpreter 
[3.649s] -- Found rosidl_default_generators: 1.6.0 (/opt/ros/jazzy/share/rosidl_default_generators/cmake)
[3.722s] -- Using all available rosidl_typesupport_c: rosidl_typesupport_fastrtps_c;rosidl_typesupport_introspection_c
[3.998s] -- Using all available rosidl_typesupport_cpp: rosidl_typesupport_fastrtps_cpp;rosidl_typesupport_introspection_cpp
[4.240s] -- Found rosidl_adapter: 4.6.7 (/opt/ros/jazzy/share/rosidl_adapter/cmake)
[4.271s] -- Found std_msgs: 5.3.7 (/opt/ros/jazzy/share/std_msgs/cmake)
[4.988s] CMake Error at /opt/ros/jazzy/share/rosidl_adapter/cmake/rosidl_adapt_interfaces.cmake:57 (message):
[4.989s]   execute_process(/home/athmani-roumaissa/ros2_coach_ws/gym_env/bin/python3
[4.989s]   -m rosidl_adapter --package-name coach_interfaces --arguments-file
[4.989s]   /home/athmani-roumaissa/ros2_coach_ws/build/coach_interfaces/rosidl_adapter__arguments__coach_interfaces.json
[4.990s]   --output-dir
[4.990s]   /home/athmani-roumaissa/ros2_coach_ws/build/coach_interfaces/rosidl_adapter/coach_interfaces
[4.990s]   --output-file
[4.990s]   /home/athmani-roumaissa/ros2_coach_ws/build/coach_interfaces/rosidl_adapter/coach_interfaces.idls)
[4.991s]   returned error code 1:
[4.991s] 
[4.991s]   Traceback (most recent call last):
[4.992s] 
[4.992s]     File "<frozen runpy>", line 198, in _run_module_as_main
[4.992s]     File "<frozen runpy>", line 88, in _run_code
[4.992s]     File "/opt/ros/jazzy/lib/python3.12/site-packages/rosidl_adapter/__main__.py", line 19, in <module>
[4.993s]       sys.exit(main())
[4.993s]                ^^^^^^
[4.993s]     File "/opt/ros/jazzy/lib/python3.12/site-packages/rosidl_adapter/main.py", line 53, in main
[4.993s]       abs_idl_file = convert_to_idl(
[4.994s]                      ^^^^^^^^^^^^^^^
[4.994s]     File "/opt/ros/jazzy/lib/python3.12/site-packages/rosidl_adapter/__init__.py", line 18, in convert_to_idl
[4.994s]       from rosidl_adapter.msg import convert_msg_to_idl
[4.994s]     File "/opt/ros/jazzy/lib/python3.12/site-packages/rosidl_adapter/msg/__init__.py", line 16, in <module>
[4.994s]       from rosidl_adapter.resource import expand_template
[4.995s]     File "/opt/ros/jazzy/lib/python3.12/site-packages/rosidl_adapter/resource/__init__.py", line 19, in <module>
[4.995s]       import em
[4.995s] 
[4.995s]   ModuleNotFoundError: No module named 'em'
[4.996s] 
[4.996s] Call Stack (most recent call first):
[4.996s]   /opt/ros/jazzy/share/rosidl_cmake/cmake/rosidl_generate_interfaces.cmake:132 (rosidl_adapt_interfaces)
[4.996s]   CMakeLists.txt:8 (rosidl_generate_interfaces)
[4.996s] 
[4.997s] 
[4.997s] -- Configuring incomplete, errors occurred!
