running develop
running egg_info
creating coach_analyzer.egg-info
writing coach_analyzer.egg-info/PKG-INFO
writing dependency_links to coach_analyzer.egg-info/dependency_links.txt
writing entry points to coach_analyzer.egg-info/entry_points.txt
writing requirements to coach_analyzer.egg-info/requires.txt
writing top-level names to coach_analyzer.egg-info/top_level.txt
writing manifest file 'coach_analyzer.egg-info/SOURCES.txt'
reading manifest file 'coach_analyzer.egg-info/SOURCES.txt'
writing manifest file 'coach_analyzer.egg-info/SOURCES.txt'
running build_ext
Creating /home/athmani-roumaissa/ros2_coach_ws/install/coach_analyzer/lib/python3.12/site-packages/coach-analyzer.egg-link (link to .)
Installing coach_speaker script to /home/athmani-roumaissa/ros2_coach_ws/install/coach_analyzer/lib/coach_analyzer
Installing rep_validator script to /home/athmani-roumaissa/ros2_coach_ws/install/coach_analyzer/lib/coach_analyzer

Installed /home/athmani-roumaissa/ros2_coach_ws/build/coach_analyzer
running symlink_data
creating /home/athmani-roumaissa/ros2_coach_ws/install/coach_analyzer/share/ament_index
creating /home/athmani-roumaissa/ros2_coach_ws/install/coach_analyzer/share/ament_index/resource_index
creating /home/athmani-roumaissa/ros2_coach_ws/install/coach_analyzer/share/ament_index/resource_index/packages
symbolically linking /home/athmani-roumaissa/ros2_coach_ws/build/coach_analyzer/resource/coach_analyzer -> /home/athmani-roumaissa/ros2_coach_ws/install/coach_analyzer/share/ament_index/resource_index/packages
symbolically linking /home/athmani-roumaissa/ros2_coach_ws/build/coach_analyzer/package.xml -> /home/athmani-roumaissa/ros2_coach_ws/install/coach_analyzer/share/coach_analyzer
