[0.649s] Invoking command in '/home/athmani-roumaissa/ros2_coach_ws/build/coach_bringup': CMAKE_PREFIX_PATH=/home/athmani-roumaissa/ros2_coach_ws/install/coach_vision:/home/athmani-roumaissa/ros2_coach_ws/install/coach_feedback:/home/athmani-roumaissa/ros2_coach_ws/install/coach_analyzer:/opt/ros/jazzy:${CMAKE_PREFIX_PATH} DEBUGINFOD_URLS=https://debuginfod.ubuntu.com PS1=\[\e]0;\u@\h: \w\a\]${debian_chroot:+($debian_chroot)}\[\033[01;32m\]\u@\h\[\033[00m\]:\[\033[01;34m\]\w\[\033[00m\]\$ /usr/bin/cmake --build /home/athmani-roumaissa/ros2_coach_ws/build/coach_bringup -- -j4 -l4
[1.215s] Invoked command in '/home/athmani-roumaissa/ros2_coach_ws/build/coach_bringup' returned '0': CMAKE_PREFIX_PATH=/home/athmani-roumaissa/ros2_coach_ws/install/coach_vision:/home/athmani-roumaissa/ros2_coach_ws/install/coach_feedback:/home/athmani-roumaissa/ros2_coach_ws/install/coach_analyzer:/opt/ros/jazzy:${CMAKE_PREFIX_PATH} DEBUGINFOD_URLS=https://debuginfod.ubuntu.com PS1=\[\e]0;\u@\h: \w\a\]${debian_chroot:+($debian_chroot)}\[\033[01;32m\]\u@\h\[\033[00m\]:\[\033[01;34m\]\w\[\033[00m\]\$ /usr/bin/cmake --build /home/athmani-roumaissa/ros2_coach_ws/build/coach_bringup -- -j4 -l4
[1.245s] Invoking command in '/home/athmani-roumaissa/ros2_coach_ws/build/coach_bringup': CMAKE_PREFIX_PATH=/home/athmani-roumaissa/ros2_coach_ws/install/coach_vision:/home/athmani-roumaissa/ros2_coach_ws/install/coach_feedback:/home/athmani-roumaissa/ros2_coach_ws/install/coach_analyzer:/opt/ros/jazzy:${CMAKE_PREFIX_PATH} DEBUGINFOD_URLS=https://debuginfod.ubuntu.com PS1=\[\e]0;\u@\h: \w\a\]${debian_chroot:+($debian_chroot)}\[\033[01;32m\]\u@\h\[\033[00m\]:\[\033[01;34m\]\w\[\033[00m\]\$ /usr/bin/cmake --install /home/athmani-roumaissa/ros2_coach_ws/build/coach_bringup
[1.274s] -- Install configuration: ""
[1.278s] -- Execute custom install script
[1.279s] -- Up-to-date symlink: /home/athmani-roumaissa/ros2_coach_ws/install/coach_bringup/share/coach_bringup//launch/bicep_curl.launch.py
[1.281s] -- Up-to-date symlink: /home/athmani-roumaissa/ros2_coach_ws/install/coach_bringup/share/ament_index/resource_index/package_run_dependencies/coach_bringup
[1.293s] -- Up-to-date symlink: /home/athmani-roumaissa/ros2_coach_ws/install/coach_bringup/share/ament_index/resource_index/parent_prefix_path/coach_bringup
[1.293s] -- Up-to-date symlink: /home/athmani-roumaissa/ros2_coach_ws/install/coach_bringup/share/coach_bringup/environment/ament_prefix_path.sh
[1.294s] -- Up-to-date symlink: /home/athmani-roumaissa/ros2_coach_ws/install/coach_bringup/share/coach_bringup/environment/ament_prefix_path.dsv
[1.296s] -- Up-to-date symlink: /home/athmani-roumaissa/ros2_coach_ws/install/coach_bringup/share/coach_bringup/environment/path.sh
[1.297s] -- Up-to-date symlink: /home/athmani-roumaissa/ros2_coach_ws/install/coach_bringup/share/coach_bringup/environment/path.dsv
[1.301s] -- Up-to-date symlink: /home/athmani-roumaissa/ros2_coach_ws/install/coach_bringup/share/coach_bringup/local_setup.bash
[1.305s] -- Up-to-date symlink: /home/athmani-roumaissa/ros2_coach_ws/install/coach_bringup/share/coach_bringup/local_setup.sh
[1.306s] -- Up-to-date symlink: /home/athmani-roumaissa/ros2_coach_ws/install/coach_bringup/share/coach_bringup/local_setup.zsh
[1.307s] -- Up-to-date symlink: /home/athmani-roumaissa/ros2_coach_ws/install/coach_bringup/share/coach_bringup/local_setup.dsv
[1.313s] -- Symlinking: /home/athmani-roumaissa/ros2_coach_ws/install/coach_bringup/share/coach_bringup/package.dsv
[1.347s] -- Up-to-date symlink: /home/athmani-roumaissa/ros2_coach_ws/install/coach_bringup/share/ament_index/resource_index/packages/coach_bringup
[1.347s] -- Up-to-date symlink: /home/athmani-roumaissa/ros2_coach_ws/install/coach_bringup/share/coach_bringup/cmake/coach_bringupConfig.cmake
[1.352s] -- Up-to-date symlink: /home/athmani-roumaissa/ros2_coach_ws/install/coach_bringup/share/coach_bringup/cmake/coach_bringupConfig-version.cmake
[1.353s] -- Up-to-date symlink: /home/athmani-roumaissa/ros2_coach_ws/install/coach_bringup/share/coach_bringup/package.xml
[1.359s] Invoked command in '/home/athmani-roumaissa/ros2_coach_ws/build/coach_bringup' returned '0': CMAKE_PREFIX_PATH=/home/athmani-roumaissa/ros2_coach_ws/install/coach_vision:/home/athmani-roumaissa/ros2_coach_ws/install/coach_feedback:/home/athmani-roumaissa/ros2_coach_ws/install/coach_analyzer:/opt/ros/jazzy:${CMAKE_PREFIX_PATH} DEBUGINFOD_URLS=https://debuginfod.ubuntu.com PS1=\[\e]0;\u@\h: \w\a\]${debian_chroot:+($debian_chroot)}\[\033[01;32m\]\u@\h\[\033[00m\]:\[\033[01;34m\]\w\[\033[00m\]\$ /usr/bin/cmake --install /home/athmani-roumaissa/ros2_coach_ws/build/coach_bringup
