[1.143s] Invoking command in '/home/athmani-roumaissa/ros2_coach_ws/build/coach_interfaces': DEBUGINFOD_URLS=https://debuginfod.ubuntu.com PS1=\[\e]0;\u@\h: \w\a\]${debian_chroot:+($debian_chroot)}\[\033[01;32m\]\u@\h\[\033[00m\]:\[\033[01;34m\]\w\[\033[00m\]\$ /usr/bin/cmake /home/athmani-roumaissa/ros2_coach_ws/src/coach_interfaces -DCATKIN_INSTALL_INTO_PREFIX_ROOT=0 -DCATKIN_SYMLINK_INSTALL=ON -DCMAKE_INSTALL_PREFIX=/home/athmani-roumaissa/ros2_coach_ws/install/coach_interfaces
[1.197s] -- Found ament_cmake: 2.5.6 (/opt/ros/jazzy/share/ament_cmake/cmake)
[1.992s] -- Found rosidl_default_generators: 1.6.0 (/opt/ros/jazzy/share/rosidl_default_generators/cmake)
[2.005s] -- Using all available rosidl_typesupport_c: rosidl_typesupport_fastrtps_c;rosidl_typesupport_introspection_c
[2.243s] -- Using all available rosidl_typesupport_cpp: rosidl_typesupport_fastrtps_cpp;rosidl_typesupport_introspection_cpp
[2.391s] -- Found rosidl_adapter: 4.6.7 (/opt/ros/jazzy/share/rosidl_adapter/cmake)
[2.398s] -- Found std_msgs: 5.3.7 (/opt/ros/jazzy/share/std_msgs/cmake)
[3.195s] [31mCMake Error at /opt/ros/jazzy/share/rosidl_adapter/cmake/rosidl_adapt_interfaces.cmake:57 (message):
[3.195s]   execute_process(/home/athmani-roumaissa/ros2_coach_ws/gym_env/bin/python3
[3.195s]   -m rosidl_adapter --package-name coach_interfaces --arguments-file
[3.196s]   /home/athmani-roumaissa/ros2_coach_ws/build/coach_interfaces/rosidl_adapter__arguments__coach_interfaces.json
[3.196s]   --output-dir
[3.198s]   /home/athmani-roumaissa/ros2_coach_ws/build/coach_interfaces/rosidl_adapter/coach_interfaces
[3.198s]   --output-file
[3.202s]   /home/athmani-roumaissa/ros2_coach_ws/build/coach_interfaces/rosidl_adapter/coach_interfaces.idls)
[3.203s]   returned error code 1:
[3.203s] 
[3.203s]   Traceback (most recent call last):
[3.204s] 
[3.206s]     File "<frozen runpy>", line 198, in _run_module_as_main
[3.206s]     File "<frozen runpy>", line 88, in _run_code
[3.207s]     File "/opt/ros/jazzy/lib/python3.12/site-packages/rosidl_adapter/__main__.py", line 19, in <module>
[3.209s]       sys.exit(main())
[3.209s]                ^^^^^^
[3.210s]     File "/opt/ros/jazzy/lib/python3.12/site-packages/rosidl_adapter/main.py", line 53, in main
[3.210s]       abs_idl_file = convert_to_idl(
[3.210s]                      ^^^^^^^^^^^^^^^
[3.211s]     File "/opt/ros/jazzy/lib/python3.12/site-packages/rosidl_adapter/__init__.py", line 18, in convert_to_idl
[3.211s]       from rosidl_adapter.msg import convert_msg_to_idl
[3.211s]     File "/opt/ros/jazzy/lib/python3.12/site-packages/rosidl_adapter/msg/__init__.py", line 16, in <module>
[3.211s]       from rosidl_adapter.resource import expand_template
[3.212s]     File "/opt/ros/jazzy/lib/python3.12/site-packages/rosidl_adapter/resource/__init__.py", line 19, in <module>
[3.215s]       import em
[3.216s] 
[3.216s]   ModuleNotFoundError: No module named 'em'
[3.216s] 
[3.217s] Call Stack (most recent call first):
[3.217s]   /opt/ros/jazzy/share/rosidl_cmake/cmake/rosidl_generate_interfaces.cmake:132 (rosidl_adapt_interfaces)
[3.219s]   CMakeLists.txt:8 (rosidl_generate_interfaces)
[3.220s] 
[3.222s] [0m
[3.223s] -- Configuring incomplete, errors occurred!
[3.236s] Invoked command in '/home/athmani-roumaissa/ros2_coach_ws/build/coach_interfaces' returned '1': DEBUGINFOD_URLS=https://debuginfod.ubuntu.com PS1=\[\e]0;\u@\h: \w\a\]${debian_chroot:+($debian_chroot)}\[\033[01;32m\]\u@\h\[\033[00m\]:\[\033[01;34m\]\w\[\033[00m\]\$ /usr/bin/cmake /home/athmani-roumaissa/ros2_coach_ws/src/coach_interfaces -DCATKIN_INSTALL_INTO_PREFIX_ROOT=0 -DCATKIN_SYMLINK_INSTALL=ON -DCMAKE_INSTALL_PREFIX=/home/athmani-roumaissa/ros2_coach_ws/install/coach_interfaces
